Component: ARM Compiler 5.06 update 6 (build 750) Tool: armlink [4d35ed]

==============================================================================

Section Cross References

    startup_stm32f411xe.o(STACK) refers (Special) to heapauxi.o(.text) for __use_two_region_memory
    startup_stm32f411xe.o(HEAP) refers (Special) to heapauxi.o(.text) for __use_two_region_memory
    startup_stm32f411xe.o(RESET) refers (Special) to heapauxi.o(.text) for __use_two_region_memory
    startup_stm32f411xe.o(RESET) refers to startup_stm32f411xe.o(STACK) for __initial_sp
    startup_stm32f411xe.o(RESET) refers to startup_stm32f411xe.o(.text) for Reset_Handler
    startup_stm32f411xe.o(RESET) refers to stm32f4xx_it.o(i.NMI_Handler) for NMI_Handler
    startup_stm32f411xe.o(RESET) refers to stm32f4xx_it.o(i.HardFault_Handler) for HardFault_Handler
    startup_stm32f411xe.o(RESET) refers to stm32f4xx_it.o(i.MemManage_Handler) for MemManage_Handler
    startup_stm32f411xe.o(RESET) refers to stm32f4xx_it.o(i.BusFault_Handler) for BusFault_Handler
    startup_stm32f411xe.o(RESET) refers to stm32f4xx_it.o(i.UsageFault_Handler) for UsageFault_Handler
    startup_stm32f411xe.o(RESET) refers to stm32f4xx_it.o(i.SVC_Handler) for SVC_Handler
    startup_stm32f411xe.o(RESET) refers to stm32f4xx_it.o(i.DebugMon_Handler) for DebugMon_Handler
    startup_stm32f411xe.o(RESET) refers to stm32f4xx_it.o(i.PendSV_Handler) for PendSV_Handler
    startup_stm32f411xe.o(RESET) refers to stm32f4xx_it.o(i.SysTick_Handler) for SysTick_Handler
    startup_stm32f411xe.o(.text) refers (Special) to heapauxi.o(.text) for __use_two_region_memory
    startup_stm32f411xe.o(.text) refers to system_stm32f4xx.o(i.SystemInit) for SystemInit
    startup_stm32f411xe.o(.text) refers to __main.o(!!!main) for __main
    startup_stm32f411xe.o(.text) refers to startup_stm32f411xe.o(HEAP) for Heap_Mem
    startup_stm32f411xe.o(.text) refers to startup_stm32f411xe.o(STACK) for Stack_Mem
    main.o(i.MX_GPIO_Init) refers to rt_memclr_w.o(.text) for __aeabi_memclr4
    main.o(i.MX_GPIO_Init) refers to stm32f4xx_hal_gpio.o(i.HAL_GPIO_Init) for HAL_GPIO_Init
    main.o(i.MX_GPIO_Init) refers to stm32f4xx_hal_gpio.o(i.HAL_GPIO_WritePin) for HAL_GPIO_WritePin
    main.o(i.MX_SPI1_Init) refers to stm32f4xx_hal_spi.o(i.HAL_SPI_Init) for HAL_SPI_Init
    main.o(i.MX_SPI1_Init) refers to main.o(.bss) for .bss
    main.o(i.SystemClock_Config) refers to rt_memclr_w.o(.text) for __aeabi_memclr4
    main.o(i.SystemClock_Config) refers to stm32f4xx_hal_rcc.o(i.HAL_RCC_OscConfig) for HAL_RCC_OscConfig
    main.o(i.SystemClock_Config) refers to stm32f4xx_hal_rcc.o(i.HAL_RCC_ClockConfig) for HAL_RCC_ClockConfig
    main.o(i.main) refers to stm32f4xx_hal.o(i.HAL_Init) for HAL_Init
    main.o(i.main) refers to main.o(i.SystemClock_Config) for SystemClock_Config
    main.o(i.main) refers to main.o(i.MX_GPIO_Init) for MX_GPIO_Init
    main.o(i.main) refers to main.o(i.MX_SPI1_Init) for MX_SPI1_Init
    main.o(i.main) refers to stm32f4xx_hal_uart.o(i.HAL_UART_Init) for HAL_UART_Init
    main.o(i.main) refers to fatfs.o(i.MX_FATFS_Init) for MX_FATFS_Init
    main.o(i.main) refers to stm32f4xx_hal_uart.o(i.HAL_UART_Transmit) for HAL_UART_Transmit
    main.o(i.main) refers to diskio.o(i.disk_initialize) for disk_initialize
    main.o(i.main) refers to sd.o(i.SD_List_File) for SD_List_File
    main.o(i.main) refers to main.o(.bss) for .bss
    main.o(i.main) refers to sd.o(.bss) for SDFatFs
    stm32f4xx_it.o(i.SysTick_Handler) refers to stm32f4xx_hal.o(i.HAL_IncTick) for HAL_IncTick
    stm32f4xx_hal_msp.o(i.HAL_SPI_MspDeInit) refers to stm32f4xx_hal_gpio.o(i.HAL_GPIO_DeInit) for HAL_GPIO_DeInit
    stm32f4xx_hal_msp.o(i.HAL_SPI_MspInit) refers to rt_memclr_w.o(.text) for __aeabi_memclr4
    stm32f4xx_hal_msp.o(i.HAL_SPI_MspInit) refers to stm32f4xx_hal_gpio.o(i.HAL_GPIO_Init) for HAL_GPIO_Init
    stm32f4xx_hal_msp.o(i.HAL_UART_MspDeInit) refers to stm32f4xx_hal_gpio.o(i.HAL_GPIO_DeInit) for HAL_GPIO_DeInit
    stm32f4xx_hal_msp.o(i.HAL_UART_MspInit) refers to rt_memclr_w.o(.text) for __aeabi_memclr4
    stm32f4xx_hal_msp.o(i.HAL_UART_MspInit) refers to stm32f4xx_hal_gpio.o(i.HAL_GPIO_Init) for HAL_GPIO_Init
    fatfs.o(i.MX_FATFS_Init) refers to ff_gen_drv.o(i.FATFS_LinkDriver) for FATFS_LinkDriver
    fatfs.o(i.MX_FATFS_Init) refers to fatfs.o(.data) for .data
    fatfs.o(i.MX_FATFS_Init) refers to user_diskio.o(.data) for USER_Driver
    sd.o(i.ReadLongFile) refers to _printf_percent.o(.ARM.Collect$$_printf_percent$$00000000) for _printf_percent
    sd.o(i.ReadLongFile) refers to _printf_u.o(.ARM.Collect$$_printf_percent$$0000000A) for _printf_u
    sd.o(i.ReadLongFile) refers to _printf_dec.o(.text) for _printf_int_dec
    sd.o(i.ReadLongFile) refers to noretval__2sprintf.o(.text) for __2sprintf
    sd.o(i.ReadLongFile) refers to strlen.o(.text) for strlen
    sd.o(i.ReadLongFile) refers to stm32f4xx_hal_uart.o(i.HAL_UART_Transmit) for HAL_UART_Transmit
[...]
    ../clib/angel/kernel.s                   0x00000000   Number         0  __rtentry4.o ABSOLUTE
    ../clib/angel/rt.s                       0x00000000   Number         0  rt_raise.o ABSOLUTE
    ../clib/angel/rt.s                       0x00000000   Number         0  aeabi_ldiv0_sigfpe.o ABSOLUTE
    ../clib/angel/rt.s                       0x00000000   Number         0  rt_div0.o ABSOLUTE
    ../clib/angel/rt.s                       0x00000000   Number         0  aeabi_ldiv0.o ABSOLUTE
    ../clib/angel/scatter.s                  0x00000000   Number         0  __scatter.o ABSOLUTE
    ../clib/angel/startup.s                  0x00000000   Number         0  __main.o ABSOLUTE
    ../clib/angel/sys.s                      0x00000000   Number         0  libspace.o ABSOLUTE
    ../clib/angel/sys.s                      0x00000000   Number         0  use_no_semi.o ABSOLUTE
    ../clib/angel/sys.s                      0x00000000   Number         0  indicate_semi.o ABSOLUTE
    ../clib/angel/sys.s                      0x00000000   Number         0  sys_stackheap_outer.o ABSOLUTE
    ../clib/angel/sysapp.c                   0x00000000   Number         0  sys_command.o ABSOLUTE
    ../clib/angel/sysapp.c                   0x00000000   Number         0  sys_wrch.o ABSOLUTE
    ../clib/angel/sysapp.c                   0x00000000   Number         0  sys_exit.o ABSOLUTE
    ../clib/armsys.c                         0x00000000   Number         0  _get_argv_nomalloc.o ABSOLUTE
    ../clib/armsys.c                         0x00000000   Number         0  no_argv.o ABSOLUTE
    ../clib/armsys.c                         0x00000000   Number         0  argv_veneer.o ABSOLUTE
    ../clib/armsys.c                         0x00000000   Number         0  argv_veneer.o ABSOLUTE
    ../clib/heapalloc.c                      0x00000000   Number         0  hrguard.o ABSOLUTE
    ../clib/heapaux.c                        0x00000000   Number         0  heapauxi.o ABSOLUTE
    ../clib/libinit.s                        0x00000000   Number         0  libshutdown.o ABSOLUTE
    ../clib/libinit.s                        0x00000000   Number         0  libshutdown2.o ABSOLUTE
    ../clib/libinit.s                        0x00000000   Number         0  libinit.o ABSOLUTE
    ../clib/libinit.s                        0x00000000   Number         0  libinit2.o ABSOLUTE
    ../clib/longlong.s                       0x00000000   Number         0  lludivv7m.o ABSOLUTE
    ../clib/memcpset.s                       0x00000000   Number         0  rt_memclr_w.o ABSOLUTE
    ../clib/misc.s                           0x00000000   Number         0  printf_stubs.o ABSOLUTE
    ../clib/printf.c                         0x00000000   Number         0  __printf_ss.o ABSOLUTE
    ../clib/printf.c                         0x00000000   Number         0  __printf_flags.o ABSOLUTE
    ../clib/printf.c                         0x00000000   Number         0  _printf_hex_int_ll_ptr.o ABSOLUTE
    ../clib/printf.c                         0x00000000   Number         0  _printf_hex_ll_ptr.o ABSOLUTE
    ../clib/printf.c                         0x00000000   Number         0  _printf_hex_int_ptr.o ABSOLUTE
    ../clib/printf.c                         0x00000000   Number         0  _printf_hex_ptr.o ABSOLUTE
    ../clib/printf.c                         0x00000000   Number         0  _printf_hex_int.o ABSOLUTE
    ../clib/printf.c                         0x00000000   Number         0  _printf_hex_ll.o ABSOLUTE
    ../clib/printf.c                         0x00000000   Number         0  _printf_dec.o ABSOLUTE
    ../clib/printf.c                         0x00000000   Number         0  _printf_str.o ABSOLUTE
    ../clib/printf.c                         0x00000000   Number         0  _printf_pad.o ABSOLUTE
    ../clib/printf.c                         0x00000000   Number         0  __printf.o ABSOLUTE
    ../clib/printf.c                         0x00000000   Number         0  noretval__2sprintf.o ABSOLUTE
    ../clib/printf.c                         0x00000000   Number         0  __2sprintf.o ABSOLUTE
    ../clib/printf.c                         0x00000000   Number         0  _printf_hex_int_ll.o ABSOLUTE
    ../clib/printf.c                         0x00000000   Number         0  _printf_char.o ABSOLUTE
    ../clib/printf.c                         0x00000000   Number         0  _sputc.o ABSOLUTE
    ../clib/printf.c                         0x00000000   Number         0  _printf_char_common.o ABSOLUTE
    ../clib/printf.c                         0x00000000   Number         0  _printf_intcommon.o ABSOLUTE
    ../clib/printf.c                         0x00000000   Number         0  __printf_flags_ss_wp.o ABSOLUTE
    ../clib/printf.c                         0x00000000   Number         0  __printf_nopercent.o ABSOLUTE
    ../clib/printf.c                         0x00000000   Number         0  __printf_ss_wp.o ABSOLUTE
    ../clib/printf.c                         0x00000000   Number         0  __printf_flags_wp.o ABSOLUTE
    ../clib/printf.c                         0x00000000   Number         0  __printf_wp.o ABSOLUTE
    ../clib/printf.c                         0x00000000   Number         0  __printf_flags_ss.o ABSOLUTE
    ../clib/printf_percent.s                 0x00000000   Number         0  _printf_u.o ABSOLUTE
    ../clib/printf_percent.s                 0x00000000   Number         0  _printf_s.o ABSOLUTE
    ../clib/printf_percent.s                 0x00000000   Number         0  _printf_d.o ABSOLUTE
    ../clib/printf_percent.s                 0x00000000   Number         0  _printf_percent.o ABSOLUTE
    ../clib/printf_percent.s                 0x00000000   Number         0  _printf_x.o ABSOLUTE
    ../clib/printf_percent.s                 0x00000000   Number         0  _printf_percent_end.o ABSOLUTE
    ../clib/signal.c                         0x00000000   Number         0  defsig_pvfn_inner.o ABSOLUTE
    ../clib/signal.c                         0x00000000   Number         0  defsig_general.o ABSOLUTE
    ../clib/signal.c                         0x00000000   Number         0  defsig_fpe_outer.o ABSOLUTE
    ../clib/signal.c                         0x00000000   Number         0  defsig_exit.o ABSOLUTE
    ../clib/signal.c                         0x00000000   Number         0  defsig_fpe_formal.o ABSOLUTE
    ../clib/signal.c                         0x00000000   Number         0  defsig_fpe_inner.o ABSOLUTE
    ../clib/signal.c                         0x00000000   Number         0  defsig_segv_inner.o ABSOLUTE
    ../clib/signal.c                         0x00000000   Number         0  defsig_cppl_inner.o ABSOLUTE
    ../clib/signal.c                         0x00000000   Number         0  defsig_other.o ABSOLUTE
    ../clib/signal.c                         0x00000000   Number         0  defsig_stak_inner.o ABSOLUTE
    ../clib/signal.c                         0x00000000   Number         0  defsig_rtmem_formal.o ABSOLUTE
    ../clib/signal.c                         0x00000000   Number         0  defsig_rtmem_outer.o ABSOLUTE
    ../clib/signal.c                         0x00000000   Number         0  defsig_rtmem_inner.o ABSOLUTE
    ../clib/signal.c                         0x00000000   Number         0  defsig_rtred_inner.o ABSOLUTE
    ../clib/signal.c                         0x00000000   Number         0  defsig_abrt_inner.o ABSOLUTE
    ../clib/signal.c                         0x00000000   Number         0  __raise.o ABSOLUTE
    ../clib/signal.s                         0x00000000   Number         0  defsig.o ABSOLUTE
    ../clib/stdlib.c                         0x00000000   Number         0  exit.o ABSOLUTE
    ../clib/string.c                         0x00000000   Number         0  strlen.o ABSOLUTE
    ../clib/string.c                         0x00000000   Number         0  strcat.o ABSOLUTE
    ../clib/string.c                         0x00000000   Number         0  strcpy.o ABSOLUTE
    ../fplib/fpinit.s                        0x00000000   Number         0  fpinit.o ABSOLUTE
    ..\Core\Src\fatfs.c                      0x00000000   Number         0  fatfs.o ABSOLUTE
    ..\Core\Src\main.c                       0x00000000   Number         0  main.o ABSOLUTE
    ..\Core\Src\sd.c                         0x00000000   Number         0  sd.o ABSOLUTE
    ..\Core\Src\stm32f4xx_hal_msp.c          0x00000000   Number         0  stm32f4xx_hal_msp.o ABSOLUTE
    ..\Core\Src\stm32f4xx_it.c               0x00000000   Number         0  stm32f4xx_it.o ABSOLUTE
    ..\Core\Src\system_stm32f4xx.c           0x00000000   Number         0  system_stm32f4xx.o ABSOLUTE
    ..\Core\Src\user_diskio.c                0x00000000   Number         0  user_diskio.o ABSOLUTE
    ..\Drivers\STM32F4xx_HAL_Driver\Src\stm32f4xx_hal.c 0x00000000   Number         0  stm32f4xx_hal.o ABSOLUTE
    ..\Drivers\STM32F4xx_HAL_Driver\Src\stm32f4xx_hal_cortex.c 0x00000000   Number         0  stm32f4xx_hal_cortex.o ABSOLUTE
    ..\Drivers\STM32F4xx_HAL_Driver\Src\stm32f4xx_hal_dma.c 0x00000000   Number         0  stm32f4xx_hal_dma.o ABSOLUTE
    ..\Drivers\STM32F4xx_HAL_Driver\Src\stm32f4xx_hal_dma_ex.c 0x00000000   Number         0  stm32f4xx_hal_dma_ex.o ABSOLUTE
    ..\Drivers\STM32F4xx_HAL_Driver\Src\stm32f4xx_hal_exti.c 0x00000000   Number         0  stm32f4xx_hal_exti.o ABSOLUTE
    ..\Drivers\STM32F4xx_HAL_Driver\Src\stm32f4xx_hal_flash.c 0x00000000   Number         0  stm32f4xx_hal_flash.o ABSOLUTE
    ..\Drivers\STM32F4xx_HAL_Driver\Src\stm32f4xx_hal_flash_ex.c 0x00000000   Number         0  stm32f4xx_hal_flash_ex.o ABSOLUTE
    ..\Drivers\STM32F4xx_HAL_Driver\Src\stm32f4xx_hal_flash_ramfunc.c 0x00000000   Number         0  stm32f4xx_hal_flash_ramfunc.o ABSOLUTE
    ..\Drivers\STM32F4xx_HAL_Driver\Src\stm32f4xx_hal_gpio.c 0x00000000   Number         0  stm32f4xx_hal_gpio.o ABSOLUTE
    ..\Drivers\STM32F4xx_HAL_Driver\Src\stm32f4xx_hal_pwr.c 0x00000000   Number         0  stm32f4xx_hal_pwr.o ABSOLUTE
    ..\Drivers\STM32F4xx_HAL_Driver\Src\stm32f4xx_hal_pwr_ex.c 0x00000000   Number         0  stm32f4xx_hal_pwr_ex.o ABSOLUTE
    ..\Drivers\STM32F4xx_HAL_Driver\Src\stm32f4xx_hal_rcc.c 0x00000000   Number         0  stm32f4xx_hal_rcc.o ABSOLUTE
    ..\Drivers\STM32F4xx_HAL_Driver\Src\stm32f4xx_hal_rcc_ex.c 0x00000000   Number         0  stm32f4xx_hal_rcc_ex.o ABSOLUTE
    ..\Drivers\STM32F4xx_HAL_Driver\Src\stm32f4xx_hal_spi.c 0x00000000   Number         0  stm32f4xx_hal_spi.o ABSOLUTE
    ..\Drivers\STM32F4xx_HAL_Driver\Src\stm32f4xx_hal_uart.c 0x00000000   Number         0  stm32f4xx_hal_uart.o ABSOLUTE
    ..\Middlewares\Third_Party\FatFs\src\diskio.c 0x00000000   Number         0  diskio.o ABSOLUTE
    ..\Middlewares\Third_Party\FatFs\src\ff.c 0x00000000   Number         0  ff.o ABSOLUTE
    ..\Middlewares\Third_Party\FatFs\src\ff_gen_drv.c 0x00000000   Number         0  ff_gen_drv.o ABSOLUTE
    ..\Middlewares\Third_Party\FatFs\src\option\ccsbcs.c 0x00000000   Number         0  ccsbcs.o ABSOLUTE
    ..\Middlewares\Third_Party\FatFs\src\option\syscall.c 0x00000000   Number         0  syscall.o ABSOLUTE
    ..\\Core\\Src\\fatfs.c                   0x00000000   Number         0  fatfs.o ABSOLUTE
    ..\\Core\\Src\\sd.c                      0x00000000   Number         0  sd.o ABSOLUTE
    ..\\Core\\Src\\user_diskio.c             0x00000000   Number         0  user_diskio.o ABSOLUTE
    dc.s                                     0x00000000   Number         0  dc.o ABSOLUTE
    startup_stm32f411xe.s                    0x00000000   Number         0  startup_stm32f411xe.o ABSOLUTE
    RESET                                    0x08000000   Section      408  startup_stm32f411xe.o(RESET)
    !!!main                                  0x08000198   Section        8  __main.o(!!!main)
    !!!scatter                               0x080001a0   Section       52  __scatter.o(!!!scatter)
    !!handler_copy                           0x080001d4   Section       26  __scatter_copy.o(!!handler_copy)
    !!handler_zi                             0x080001f0   Section       28  __scatter_zi.o(!!handler_zi)
    .ARM.Collect$$_printf_percent$$00000000  0x0800020c   Section        0  _printf_percent.o(.ARM.Collect$$_printf_percent$$00000000)
    .ARM.Collect$$_printf_percent$$0000000C  0x0800020c   Section        6  _printf_x.o(.ARM.Collect$$_printf_percent$$0000000C)
    .ARM.Collect$$_printf_percent$$00000017  0x08000212   Section        4  _printf_percent_end.o(.ARM.Collect$$_printf_percent$$00000017)
    .ARM.Collect$$libinit$$00000000          0x08000216   Section        2  libinit.o(.ARM.Collect$$libinit$$00000000)
    .ARM.Collect$$libinit$$00000001          0x08000218   Section        4  libinit2.o(.ARM.Collect$$libinit$$00000001)
    .ARM.Collect$$libinit$$00000004          0x0800021c   Section        0  libinit2.o(.ARM.Collect$$libinit$$00000004)
    .ARM.Collect$$libinit$$0000000A          0x0800021c   Section        0  libinit2.o(.ARM.Collect$$libinit$$0000000A)
    .ARM.Collect$$libinit$$0000000C          0x0800021c   Section        0  libinit2.o(.ARM.Collect$$libinit$$0000000C)
    .ARM.Collect$$libinit$$0000000E          0x0800021c   Section        0  libinit2.o(.ARM.Collect$$libinit$$0000000E)
    .ARM.Collect$$libinit$$00000011          0x0800021c   Section        0  libinit2.o(.ARM.Collect$$libinit$$00000011)
    .ARM.Collect$$libinit$$00000013          0x0800021c   Section        0  libinit2.o(.ARM.Collect$$libinit$$00000013)
    .ARM.Collect$$libinit$$00000015          0x0800021c   Section        0  libinit2.o(.ARM.Collect$$libinit$$00000015)
    .ARM.Collect$$libinit$$00000017          0x0800021c   Section        0  libinit2.o(.ARM.Collect$$libinit$$00000017)
    .ARM.Collect$$libinit$$00000019          0x0800021c   Section        0  libinit2.o(.ARM.Collect$$libinit$$00000019)
    .ARM.Collect$$libinit$$0000001B          0x0800021c   Section        0  libinit2.o(.ARM.Collect$$libinit$$0000001B)
    .ARM.Collect$$libinit$$0000001D          0x0800021c   Section        0  libinit2.o(.ARM.Collect$$libinit$$0000001D)
    .ARM.Collect$$libinit$$0000001F          0x0800021c   Section        0  libinit2.o(.ARM.Collect$$libinit$$0000001F)
    .ARM.Collect$$libinit$$00000021          0x0800021c   Section        0  libinit2.o(.ARM.Collect$$libinit$$00000021)
    .ARM.Collect$$libinit$$00000023          0x0800021c   Section        0  libinit2.o(.ARM.Collect$$libinit$$00000023)
    .ARM.Collect$$libinit$$00000025          0x0800021c   Section        0  libinit2.o(.ARM.Collect$$libinit$$00000025)
    .ARM.Collect$$libinit$$0000002C          0x0800021c   Section        0  libinit2.o(.ARM.Collect$$libinit$$0000002C)
    .ARM.Collect$$libinit$$0000002E          0x0800021c   Section        0  libinit2.o(.ARM.Collect$$libinit$$0000002E)
    .ARM.Collect$$libinit$$00000030          0x0800021c   Section        0  libinit2.o(.ARM.Collect$$libinit$$00000030)
    .ARM.Collect$$libinit$$00000032          0x0800021c   Section        0  libinit2.o(.ARM.Collect$$libinit$$00000032)
    .ARM.Collect$$libinit$$00000033          0x0800021c   Section        2  libinit2.o(.ARM.Collect$$libinit$$00000033)
    .ARM.Collect$$libshutdown$$00000000      0x0800021e   Section        2  libshutdown.o(.ARM.Collect$$libshutdown$$00000000)
    .ARM.Collect$$libshutdown$$00000002      0x08000220   Section        0  libshutdown2.o(.ARM.Collect$$libshutdown$$00000002)
    .ARM.Collect$$libshutdown$$00000004      0x08000220   Section        0  libshutdown2.o(.ARM.Collect$$libshutdown$$00000004)
    .ARM.Collect$$libshutdown$$00000007      0x08000220   Section        0  libshutdown2.o(.ARM.Collect$$libshutdown$$00000007)
    .ARM.Collect$$libshutdown$$0000000A      0x08000220   Section        0  libshutdown2.o(.ARM.Collect$$libshutdown$$0000000A)
    .ARM.Collect$$libshutdown$$0000000C      0x08000220   Section        0  libshutdown2.o(.ARM.Collect$$libshutdown$$0000000C)
    .ARM.Collect$$libshutdown$$0000000F      0x08000220   Section        0  libshutdown2.o(.ARM.Collect$$libshutdown$$0000000F)
    .ARM.Collect$$libshutdown$$00000010      0x08000220   Section        2  libshutdown2.o(.ARM.Collect$$libshutdown$$00000010)
    .ARM.Collect$$rtentry$$00000000          0x08000222   Section        0  __rtentry.o(.ARM.Collect$$rtentry$$00000000)
    .ARM.Collect$$rtentry$$00000002          0x08000222   Section        0  __rtentry2.o(.ARM.Collect$$rtentry$$00000002)
    .ARM.Collect$$rtentry$$00000004          0x08000222   Section        6  __rtentry4.o(.ARM.Collect$$rtentry$$00000004)
    .ARM.Collect$$rtentry$$00000009          0x08000228   Section        0  __rtentry2.o(.ARM.Collect$$rtentry$$00000009)
    .ARM.Collect$$rtentry$$0000000A          0x08000228   Section        4  __rtentry2.o(.ARM.Collect$$rtentry$$0000000A)
    .ARM.Collect$$rtentry$$0000000C          0x0800022c   Section        0  __rtentry2.o(.ARM.Collect$$rtentry$$0000000C)
    .ARM.Collect$$rtentry$$0000000D          0x0800022c   Section        8  __rtentry2.o(.ARM.Collect$$rtentry$$0000000D)
    .ARM.Collect$$rtexit$$00000000           0x08000234   Section        2  rtexit.o(.ARM.Collect$$rtexit$$00000000)
    .ARM.Collect$$rtexit$$00000002           0x08000236   Section        0  rtexit2.o(.ARM.Collect$$rtexit$$00000002)
    .ARM.Collect$$rtexit$$00000003           0x08000236   Section        4  rtexit2.o(.ARM.Collect$$rtexit$$00000003)
    .ARM.Collect$$rtexit$$00000004           0x0800023a   Section        6  rtexit2.o(.ARM.Collect$$rtexit$$00000004)
    .text                                    0x08000240   Section       64  startup_stm32f411xe.o(.text)
    $v0                                      0x08000240   Number         0  startup_stm32f411xe.o(.text)
    .text                                    0x08000280   Section      238  lludivv7m.o(.text)
    .text                                    0x08000370   Section        0  noretval__2sprintf.o(.text)
    .text                                    0x08000398   Section        0  _printf_pad.o(.text)
    .text                                    0x080003e8   Section        0  _printf_hex_int.o(.text)
    .text                                    0x08000440   Section        0  __printf_flags_ss_wp.o(.text)
    .text                                    0x080005c8   Section        0  strlen.o(.text)
    .text                                    0x08000606   Section       78  rt_memclr_w.o(.text)
    .text                                    0x08000654   Section        0  heapauxi.o(.text)
    .text                                    0x0800065a   Section        0  _printf_intcommon.o(.text)
    .text                                    0x0800070c   Section        0  _printf_char_common.o(.text)
    _printf_input_char                       0x0800070d   Thumb Code    10  _printf_char_common.o(.text)
    .text                                    0x0800073c   Section        0  _sputc.o(.text)
    .text                                    0x08000746   Section       74  sys_stackheap_outer.o(.text)
    .text                                    0x08000790   Section        0  exit.o(.text)
    .text                                    0x080007a4   Section        8  libspace.o(.text)
    .text                                    0x080007ac   Section        0  sys_exit.o(.text)
    .text                                    0x080007b8   Section        2  use_no_semi.o(.text)
    .text                                    0x080007ba   Section        0  indicate_semi.o(.text)
    i.BusFault_Handler                       0x080007ba   Section        0  stm32f4xx_it.o(i.BusFault_Handler)
    i.DebugMon_Handler                       0x080007bc   Section        0  stm32f4xx_it.o(i.DebugMon_Handler)
    i.Error_Handler                          0x080007be   Section        0  main.o(i.Error_Handler)
    i.FATFS_LinkDriver                       0x080007c2   Section        0  ff_gen_drv.o(i.FATFS_LinkDriver)
    i.FATFS_LinkDriverEx                     0x080007c8   Section        0  ff_gen_drv.o(i.FATFS_LinkDriverEx)
    i.HAL_Delay                              0x08000808   Section        0  stm32f4xx_hal.o(i.HAL_Delay)
    i.HAL_GPIO_Init                          0x0800082c   Section        0  stm32f4xx_hal_gpio.o(i.HAL_GPIO_Init)
    i.HAL_GPIO_WritePin                      0x08000a0c   Section        0  stm32f4xx_hal_gpio.o(i.HAL_GPIO_WritePin)
    i.HAL_GetTick                            0x08000a18   Section        0  stm32f4xx_hal.o(i.HAL_GetTick)
    i.HAL_IncTick                            0x08000a24   Section        0  stm32f4xx_hal.o(i.HAL_IncTick)
    i.HAL_Init                               0x08000a34   Section        0  stm32f4xx_hal.o(i.HAL_Init)
    i.HAL_InitTick                           0x08000a68   Section        0  stm32f4xx_hal.o(i.HAL_InitTick)
    i.HAL_MspInit                            0x08000aa8   Section        0  stm32f4xx_hal_msp.o(i.HAL_MspInit)
    i.HAL_NVIC_SetPriority                   0x08000ad8   Section        0  stm32f4xx_hal_cortex.o(i.HAL_NVIC_SetPriority)
    i.HAL_NVIC_SetPriorityGrouping           0x08000b18   Section        0  stm32f4xx_hal_cortex.o(i.HAL_NVIC_SetPriorityGrouping)
    i.HAL_RCC_ClockConfig                    0x08000b3c   Section        0  stm32f4xx_hal_rcc.o(i.HAL_RCC_ClockConfig)
    i.HAL_RCC_GetPCLK1Freq                   0x08000c70   Section        0  stm32f4xx_hal_rcc.o(i.HAL_RCC_GetPCLK1Freq)
    i.HAL_RCC_GetPCLK2Freq                   0x08000c90   Section        0  stm32f4xx_hal_rcc.o(i.HAL_RCC_GetPCLK2Freq)
    i.HAL_RCC_GetSysClockFreq                0x08000cb0   Section        0  stm32f4xx_hal_rcc.o(i.HAL_RCC_GetSysClockFreq)
    i.HAL_RCC_OscConfig                      0x08000d14   Section        0  stm32f4xx_hal_rcc.o(i.HAL_RCC_OscConfig)
    i.HAL_SPI_Init                           0x08001080   Section        0  stm32f4xx_hal_spi.o(i.HAL_SPI_Init)
    i.HAL_SPI_MspInit                        0x0800113c   Section        0  stm32f4xx_hal_msp.o(i.HAL_SPI_MspInit)
    i.HAL_SPI_TransmitReceive                0x080011a4   Section        0  stm32f4xx_hal_spi.o(i.HAL_SPI_TransmitReceive)
    i.HAL_SYSTICK_Config                     0x08001394   Section        0  stm32f4xx_hal_cortex.o(i.HAL_SYSTICK_Config)
    i.HAL_UART_Init                          0x080013bc   Section        0  stm32f4xx_hal_uart.o(i.HAL_UART_Init)
    i.HAL_UART_MspInit                       0x08001420   Section        0  stm32f4xx_hal_msp.o(i.HAL_UART_MspInit)
    i.HAL_UART_Transmit                      0x08001488   Section        0  stm32f4xx_hal_uart.o(i.HAL_UART_Transmit)
    i.HardFault_Handler                      0x08001528   Section        0  stm32f4xx_it.o(i.HardFault_Handler)
    i.MX_FATFS_Init                          0x0800152c   Section        0  fatfs.o(i.MX_FATFS_Init)
    i.MX_GPIO_Init                           0x08001548   Section        0  main.o(i.MX_GPIO_Init)
    MX_GPIO_Init                             0x08001549   Thumb Code    86  main.o(i.MX_GPIO_Init)
    i.MX_SPI1_Init                           0x080015a8   Section        0  main.o(i.MX_SPI1_Init)
    MX_SPI1_Init                             0x080015a9   Thumb Code    56  main.o(i.MX_SPI1_Init)
    i.MemManage_Handler                      0x080015e8   Section        0  stm32f4xx_it.o(i.MemManage_Handler)
    i.NMI_Handler                            0x080015ea   Section        0  stm32f4xx_it.o(i.NMI_Handler)
    i.PendSV_Handler                         0x080015ec   Section        0  stm32f4xx_it.o(i.PendSV_Handler)
    i.SD_List_File                           0x080015f0   Section        0  sd.o(i.SD_List_File)
    i.SD_Read_Block                          0x080016c8   Section        0  sd.o(i.SD_Read_Block)
    i.SD_Write_Block                         0x0800171e   Section        0  sd.o(i.SD_Write_Block)
    i.SD_cmd                                 0x08001784   Section        0  sd.o(i.SD_cmd)
    SD_cmd                                   0x08001785   Thumb Code   138  sd.o(i.SD_cmd)
    i.SPI_EndRxTxTransaction                 0x08001814   Section        0  stm32f4xx_hal_spi.o(i.SPI_EndRxTxTransaction)
    SPI_EndRxTxTransaction                   0x08001815   Thumb Code    98  stm32f4xx_hal_spi.o(i.SPI_EndRxTxTransaction)
    i.SPI_ReceiveByte                        0x08001880   Section        0  sd.o(i.SPI_ReceiveByte)
    i.SPI_Release                            0x08001886   Section        0  sd.o(i.SPI_Release)
    i.SPI_WaitFlagStateUntilTimeout          0x0800188c   Section        0  stm32f4xx_hal_spi.o(i.SPI_WaitFlagStateUntilTimeout)
    SPI_WaitFlagStateUntilTimeout            0x0800188d   Thumb Code   180  stm32f4xx_hal_spi.o(i.SPI_WaitFlagStateUntilTimeout)
    i.SPI_wait_ready                         0x08001944   Section        0  sd.o(i.SPI_wait_ready)
    i.SPIx_WriteRead                         0x08001964   Section        0  sd.o(i.SPIx_WriteRead)
    i.SVC_Handler                            0x0800199c   Section        0  stm32f4xx_it.o(i.SVC_Handler)
    i.SysTick_Handler                        0x0800199e   Section        0  stm32f4xx_it.o(i.SysTick_Handler)
    i.SystemClock_Config                     0x080019a4   Section        0  main.o(i.SystemClock_Config)
    i.SystemInit                             0x08001a38   Section        0  system_stm32f4xx.o(i.SystemInit)
    i.UART_EndRxTransfer                     0x08001a48   Section        0  stm32f4xx_hal_uart.o(i.UART_EndRxTransfer)
    UART_EndRxTransfer                       0x08001a49   Thumb Code    78  stm32f4xx_hal_uart.o(i.UART_EndRxTransfer)
    i.UART_SetConfig                         0x08001a98   Section        0  stm32f4xx_hal_uart.o(i.UART_SetConfig)
    UART_SetConfig                           0x08001a99   Thumb Code   258  stm32f4xx_hal_uart.o(i.UART_SetConfig)
    i.UART_WaitOnFlagUntilTimeout            0x08001ba4   Section        0  stm32f4xx_hal_uart.o(i.UART_WaitOnFlagUntilTimeout)
    UART_WaitOnFlagUntilTimeout              0x08001ba5   Thumb Code   114  stm32f4xx_hal_uart.o(i.UART_WaitOnFlagUntilTimeout)
    i.USER_initialize                        0x08001c18   Section        0  user_diskio.o(i.USER_initialize)
    i.USER_ioctl                             0x08001c60   Section        0  user_diskio.o(i.USER_ioctl)
    i.USER_read                              0x08001ca0   Section        0  user_diskio.o(i.USER_read)
    i.USER_status                            0x08001ce8   Section        0  user_diskio.o(i.USER_status)
    i.USER_write                             0x08001cf8   Section        0  user_diskio.o(i.USER_write)
    i.UsageFault_Handler                     0x08001d48   Section        0  stm32f4xx_it.o(i.UsageFault_Handler)
    i.__NVIC_SetPriority                     0x08001d4a   Section        0  stm32f4xx_hal_cortex.o(i.__NVIC_SetPriority)
    __NVIC_SetPriority                       0x08001d4b   Thumb Code    32  stm32f4xx_hal_cortex.o(i.__NVIC_SetPriority)
    i._is_digit                              0x08001d6a   Section        0  __printf_wp.o(i._is_digit)
    i.check_fs                               0x08001d78   Section        0  ff.o(i.check_fs)
    check_fs                                 0x08001d79   Thumb Code   102  ff.o(i.check_fs)
    i.chk_chr                                0x08001de8   Section        0  ff.o(i.chk_chr)
    chk_chr                                  0x08001de9   Thumb Code    16  ff.o(i.chk_chr)
    i.clear_lock                             0x08001df8   Section        0  ff.o(i.clear_lock)
    clear_lock                               0x08001df9   Thumb Code    28  ff.o(i.clear_lock)
    i.clust2sect                             0x08001e18   Section        0  ff.o(i.clust2sect)
    clust2sect                               0x08001e19   Thumb Code    24  ff.o(i.clust2sect)
    i.cmp_lfn                                0x08001e30   Section        0  ff.o(i.cmp_lfn)
    cmp_lfn                                  0x08001e31   Thumb Code   124  ff.o(i.cmp_lfn)
    i.create_chain                           0x08001eb0   Section        0  ff.o(i.create_chain)
    create_chain                             0x08001eb1   Thumb Code   164  ff.o(i.create_chain)
    i.create_name                            0x08001f54   Section        0  ff.o(i.create_name)
    create_name                              0x08001f55   Thumb Code   494  ff.o(i.create_name)
    i.dec_lock                               0x0800215c   Section        0  ff.o(i.dec_lock)
    dec_lock                                 0x0800215d   Thumb Code    48  ff.o(i.dec_lock)
    i.dir_find                               0x08002190   Section        0  ff.o(i.dir_find)
    dir_find                                 0x08002191   Thumb Code   208  ff.o(i.dir_find)
    i.dir_next                               0x08002260   Section        0  ff.o(i.dir_next)
    dir_next                                 0x08002261   Thumb Code   258  ff.o(i.dir_next)
    i.dir_read                               0x08002362   Section        0  ff.o(i.dir_read)
    dir_read                                 0x08002363   Thumb Code   182  ff.o(i.dir_read)
    i.dir_sdi                                0x08002418   Section        0  ff.o(i.dir_sdi)
    dir_sdi                                  0x08002419   Thumb Code   142  ff.o(i.dir_sdi)
    i.disk_initialize                        0x080024a8   Section        0  diskio.o(i.disk_initialize)
    i.disk_ioctl                             0x080024d4   Section        0  diskio.o(i.disk_ioctl)
    i.disk_read                              0x080024f0   Section        0  diskio.o(i.disk_read)
    i.disk_status                            0x0800250c   Section        0  diskio.o(i.disk_status)
    i.disk_write                             0x08002524   Section        0  diskio.o(i.disk_write)
    i.f_closedir                             0x08002540   Section        0  ff.o(i.f_closedir)
    i.f_mount                                0x08002564   Section        0  ff.o(i.f_mount)
    i.f_opendir                              0x080025bc   Section        0  ff.o(i.f_opendir)
    i.f_readdir                              0x0800263e   Section        0  ff.o(i.f_readdir)
    i.ff_convert                             0x08002680   Section        0  ccsbcs.o(i.ff_convert)
    i.ff_wtoupper                            0x080026b8   Section        0  ccsbcs.o(i.ff_wtoupper)
    i.find_volume                            0x08002738   Section        0  ff.o(i.find_volume)
    find_volume                              0x08002739   Thumb Code   640  ff.o(i.find_volume)
    i.follow_path                            0x080029c8   Section        0  ff.o(i.follow_path)
    follow_path                              0x080029c9   Thumb Code   122  ff.o(i.follow_path)
    i.get_fat                                0x08002a42   Section        0  ff.o(i.get_fat)
    get_fat                                  0x08002a43   Thumb Code   232  ff.o(i.get_fat)
    i.get_fileinfo                           0x08002b2a   Section        0  ff.o(i.get_fileinfo)
    get_fileinfo                             0x08002b2b   Thumb Code   232  ff.o(i.get_fileinfo)
    i.get_ldnumber                           0x08002c12   Section        0  ff.o(i.get_ldnumber)
    get_ldnumber                             0x08002c13   Thumb Code    60  ff.o(i.get_ldnumber)
    i.inc_lock                               0x08002c50   Section        0  ff.o(i.inc_lock)
    inc_lock                                 0x08002c51   Thumb Code   124  ff.o(i.inc_lock)
    i.ld_clust                               0x08002cd0   Section        0  ff.o(i.ld_clust)
    ld_clust                                 0x08002cd1   Thumb Code    38  ff.o(i.ld_clust)
    i.ld_dword                               0x08002cf6   Section        0  ff.o(i.ld_dword)
    ld_dword                                 0x08002cf7   Thumb Code    22  ff.o(i.ld_dword)
    i.ld_word                                0x08002d0c   Section        0  ff.o(i.ld_word)
    ld_word                                  0x08002d0d   Thumb Code    10  ff.o(i.ld_word)
    i.main                                   0x08002d18   Section        0  main.o(i.main)
    i.mem_set                                0x08002d90   Section        0  ff.o(i.mem_set)
    mem_set                                  0x08002d91   Thumb Code    14  ff.o(i.mem_set)
    i.move_window                            0x08002d9e   Section        0  ff.o(i.move_window)
    move_window                              0x08002d9f   Thumb Code    50  ff.o(i.move_window)
    i.pick_lfn                               0x08002dd0   Section        0  ff.o(i.pick_lfn)
    pick_lfn                                 0x08002dd1   Thumb Code   110  ff.o(i.pick_lfn)
    i.put_fat                                0x08002e44   Section        0  ff.o(i.put_fat)
    put_fat                                  0x08002e45   Thumb Code   292  ff.o(i.put_fat)
    i.sd_ini                                 0x08002f68   Section        0  sd.o(i.sd_ini)
    i.st_dword                               0x08003168   Section        0  ff.o(i.st_dword)
    st_dword                                 0x08003169   Thumb Code    16  ff.o(i.st_dword)
    i.st_word                                0x08003178   Section        0  ff.o(i.st_word)
    st_word                                  0x08003179   Thumb Code     8  ff.o(i.st_word)
    i.sum_sfn                                0x08003180   Section        0  ff.o(i.sum_sfn)
    sum_sfn                                  0x08003181   Thumb Code    26  ff.o(i.sum_sfn)
    i.sync_window                            0x0800319a   Section        0  ff.o(i.sync_window)
    sync_window                              0x0800319b   Thumb Code    82  ff.o(i.sync_window)
    i.validate                               0x080031ec   Section        0  ff.o(i.validate)
    validate                                 0x080031ed   Thumb Code    52  ff.o(i.validate)
    x$fpl$fpinit                             0x08003220   Section       10  fpinit.o(x$fpl$fpinit)
    $v0                                      0x08003220   Number         0  fpinit.o(x$fpl$fpinit)
    .constdata                               0x0800322a   Section       16  system_stm32f4xx.o(.constdata)
    .constdata                               0x0800323a   Section        8  system_stm32f4xx.o(.constdata)
    .constdata                               0x08003242   Section      170  ff.o(.constdata)
    ExCvt                                    0x08003242   Data         128  ff.o(.constdata)
    LfnOfs                                   0x080032c2   Data          13  ff.o(.constdata)
    cst                                      0x080032d0   Data          14  ff.o(.constdata)
    cst32                                    0x080032de   Data          14  ff.o(.constdata)
    .constdata                               0x080032ec   Section      942  ccsbcs.o(.constdata)
    Tbl                                      0x080032ec   Data         256  ccsbcs.o(.constdata)
    cvt1                                     0x080033ec   Data         498  ccsbcs.o(.constdata)
    cvt2                                     0x080035de   Data         188  ccsbcs.o(.constdata)
    .constdata                               0x0800369a   Section       40  _printf_hex_int.o(.constdata)
    uc_hextab                                0x0800369a   Data          20  _printf_hex_int.o(.constdata)
    lc_hextab                                0x080036ae   Data          20  _printf_hex_int.o(.constdata)
    .constdata                               0x080036c2   Section       17  __printf_flags_ss_wp.o(.constdata)
    maptable                                 0x080036c2   Data          17  __printf_flags_ss_wp.o(.constdata)
    .data                                    0x20000000   Section        5  fatfs.o(.data)
    .data                                    0x20000008   Section       32  sd.o(.data)
    .data                                    0x20000028   Section        1  user_diskio.o(.data)
    Stat                                     0x20000028   Data           1  user_diskio.o(.data)
    .data                                    0x2000002c   Section       20  user_diskio.o(.data)
    .data                                    0x20000040   Section       12  stm32f4xx_hal.o(.data)
    .data                                    0x2000004c   Section        4  system_stm32f4xx.o(.data)
    .data                                    0x20000050   Section        8  ff.o(.data)
    Fsid                                     0x20000050   Data           2  ff.o(.data)
    FatFs                                    0x20000054   Data           4  ff.o(.data)
    .bss                                     0x20000058   Section      160  main.o(.bss)
    .bss                                     0x200000f8   Section     9212  sd.o(.bss)
    .bss                                     0x200024f4   Section      544  ff.o(.bss)
    Files                                    0x200024f4   Data          32  ff.o(.bss)
    LfnBuf                                   0x20002514   Data         512  ff.o(.bss)
    .bss                                     0x20002714   Section       12  ff_gen_drv.o(.bss)
    .bss                                     0x20002720   Section       96  libspace.o(.bss)
    HEAP                                     0x20002780   Section      512  startup_stm32f411xe.o(HEAP)
    Heap_Mem                                 0x20002780   Data         512  startup_stm32f411xe.o(HEAP)
    STACK                                    0x20002980   Section     1024  startup_stm32f411xe.o(STACK)
    Stack_Mem                                0x20002980   Data        1024  startup_stm32f411xe.o(STACK)
    __initial_sp                             0x20002d80   Data           0  startup_stm32f411xe.o(STACK)

    Global Symbols

    Symbol Name                              Value     Ov Type        Size  Object(Section)

    BuildAttributes$$THM_ISAv4$E$P$D$K$B$S$7EM$VFPi3$EXTD16$VFPS$VFMA$PE$A:L22UL41UL21$X:L11$S22US41US21$IEEE1$IW$USESV6$~STKCKD$USESV7$~SHL$OSPACE$ROPI$EBA8$UX$STANDARDLIB$REQ8$PRES8$EABIv2 0x00000000   Number         0  anon$$obj.o ABSOLUTE
    __ARM_use_no_argv                        0x00000000   Number         0  main.o ABSOLUTE
    _printf_flags                            0x00000000   Number         0  printf_stubs.o ABSOLUTE
    _printf_return_value                     0x00000000   Number         0  printf_stubs.o ABSOLUTE
    _printf_sizespec                         0x00000000   Number         0  printf_stubs.o ABSOLUTE
    _printf_widthprec                        0x00000000   Number         0  printf_stubs.o ABSOLUTE
    __ARM_exceptions_init                     - Undefined Weak Reference
    __alloca_initialize                       - Undefined Weak Reference
    __arm_preinit_                            - Undefined Weak Reference
    __cpp_initialize__aeabi_                  - Undefined Weak Reference
    __cxa_finalize                            - Undefined Weak Reference
    __rt_locale                               - Undefined Weak Reference
    __sigvec_lookup                           - Undefined Weak Reference
    _atexit_init                              - Undefined Weak Reference
    _call_atexit_fns                          - Undefined Weak Reference
    _clock_init                               - Undefined Weak Reference
    _fp_trap_init                             - Undefined Weak Reference
    _fp_trap_shutdown                         - Undefined Weak Reference
    _get_lc_collate                           - Undefined Weak Reference
    _get_lc_ctype                             - Undefined Weak Reference
    _get_lc_monetary                          - Undefined Weak Reference
    _get_lc_numeric                           - Undefined Weak Reference
    _get_lc_time                              - Undefined Weak Reference
    _getenv_init                              - Undefined Weak Reference
    _handle_redirection                       - Undefined Weak Reference
    _init_alloc                               - Undefined Weak Reference
    _init_user_alloc                          - Undefined Weak Reference
    _initio                                   - Undefined Weak Reference
    _printf_mbtowc                            - Undefined Weak Reference
    _printf_truncate_signed                   - Undefined Weak Reference
    _printf_truncate_unsigned                 - Undefined Weak Reference
    _rand_init                                - Undefined Weak Reference
    _signal_finish                            - Undefined Weak Reference
    _signal_init                              - Undefined Weak Reference
    _terminate_alloc                          - Undefined Weak Reference
    _terminate_user_alloc                     - Undefined Weak Reference
    _terminateio                              - Undefined Weak Reference
    __Vectors_Size                           0x00000198   Number         0  startup_stm32f411xe.o ABSOLUTE
    __Vectors                                0x08000000   Data           4  startup_stm32f411xe.o(RESET)
    __Vectors_End                            0x08000198   Data           0  startup_stm32f411xe.o(RESET)
    __main                                   0x08000199   Thumb Code     8  __main.o(!!!main)
    __scatterload                            0x080001a1   Thumb Code     0  __scatter.o(!!!scatter)
    __scatterload_rt2                        0x080001a1   Thumb Code    44  __scatter.o(!!!scatter)
    __scatterload_rt2_thumb_only             0x080001a1   Thumb Code     0  __scatter.o(!!!scatter)
    __scatterload_null                       0x080001af   Thumb Code     0  __scatter.o(!!!scatter)
    __scatterload_copy                       0x080001d5   Thumb Code    26  __scatter_copy.o(!!handler_copy)
    __scatterload_zeroinit                   0x080001f1   Thumb Code    28  __scatter_zi.o(!!handler_zi)
    _printf_percent                          0x0800020d   Thumb Code     0  _printf_percent.o(.ARM.Collect$$_printf_percent$$00000000)
    _printf_x                                0x0800020d   Thumb Code     0  _printf_x.o(.ARM.Collect$$_printf_percent$$0000000C)
    _printf_percent_end                      0x08000213   Thumb Code     0  _printf_percent_end.o(.ARM.Collect$$_printf_percent$$00000017)
    __rt_lib_init                            0x08000217   Thumb Code     0  libinit.o(.ARM.Collect$$libinit$$00000000)
    __rt_lib_init_fp_1                       0x08000219   Thumb Code     0  libinit2.o(.ARM.Collect$$libinit$$00000001)
    __rt_lib_init_alloca_1                   0x0800021d   Thumb Code     0  libinit2.o(.ARM.Collect$$libinit$$0000002E)
    __rt_lib_init_argv_1                     0x0800021d   Thumb Code     0  libinit2.o(.ARM.Collect$$libinit$$0000002C)
    __rt_lib_init_atexit_1                   0x0800021d   Thumb Code     0  libinit2.o(.ARM.Collect$$libinit$$0000001B)
    __rt_lib_init_clock_1                    0x0800021d   Thumb Code     0  libinit2.o(.ARM.Collect$$libinit$$00000021)
    __rt_lib_init_cpp_1                      0x0800021d   Thumb Code     0  libinit2.o(.ARM.Collect$$libinit$$00000032)
    __rt_lib_init_exceptions_1               0x0800021d   Thumb Code     0  libinit2.o(.ARM.Collect$$libinit$$00000030)
    __rt_lib_init_fp_trap_1                  0x0800021d   Thumb Code     0  libinit2.o(.ARM.Collect$$libinit$$0000001F)
    __rt_lib_init_getenv_1                   0x0800021d   Thumb Code     0  libinit2.o(.ARM.Collect$$libinit$$00000023)
    __rt_lib_init_heap_1                     0x0800021d   Thumb Code     0  libinit2.o(.ARM.Collect$$libinit$$0000000A)
    __rt_lib_init_lc_collate_1               0x0800021d   Thumb Code     0  libinit2.o(.ARM.Collect$$libinit$$00000011)
    __rt_lib_init_lc_ctype_1                 0x0800021d   Thumb Code     0  libinit2.o(.ARM.Collect$$libinit$$00000013)
    __rt_lib_init_lc_monetary_1              0x0800021d   Thumb Code     0  libinit2.o(.ARM.Collect$$libinit$$00000015)
    __rt_lib_init_lc_numeric_1               0x0800021d   Thumb Code     0  libinit2.o(.ARM.Collect$$libinit$$00000017)
    __rt_lib_init_lc_time_1                  0x0800021d   Thumb Code     0  libinit2.o(.ARM.Collect$$libinit$$00000019)
    __rt_lib_init_preinit_1                  0x0800021d   Thumb Code     0  libinit2.o(.ARM.Collect$$libinit$$00000004)
    __rt_lib_init_rand_1                     0x0800021d   Thumb Code     0  libinit2.o(.ARM.Collect$$libinit$$0000000E)
    __rt_lib_init_return                     0x0800021d   Thumb Code     0  libinit2.o(.ARM.Collect$$libinit$$00000033)
    __rt_lib_init_signal_1                   0x0800021d   Thumb Code     0  libinit2.o(.ARM.Collect$$libinit$$0000001D)
    __rt_lib_init_stdio_1                    0x0800021d   Thumb Code     0  libinit2.o(.ARM.Collect$$libinit$$00000025)
    __rt_lib_init_user_alloc_1               0x0800021d   Thumb Code     0  libinit2.o(.ARM.Collect$$libinit$$0000000C)
    __rt_lib_shutdown                        0x0800021f   Thumb Code     0  libshutdown.o(.ARM.Collect$$libshutdown$$00000000)
    __rt_lib_shutdown_cpp_1                  0x08000221   Thumb Code     0  libshutdown2.o(.ARM.Collect$$libshutdown$$00000002)
    __rt_lib_shutdown_fp_trap_1              0x08000221   Thumb Code     0  libshutdown2.o(.ARM.Collect$$libshutdown$$00000007)
    __rt_lib_shutdown_heap_1                 0x08000221   Thumb Code     0  libshutdown2.o(.ARM.Collect$$libshutdown$$0000000F)
    __rt_lib_shutdown_return                 0x08000221   Thumb Code     0  libshutdown2.o(.ARM.Collect$$libshutdown$$00000010)
    __rt_lib_shutdown_signal_1               0x08000221   Thumb Code     0  libshutdown2.o(.ARM.Collect$$libshutdown$$0000000A)
    __rt_lib_shutdown_stdio_1                0x08000221   Thumb Code     0  libshutdown2.o(.ARM.Collect$$libshutdown$$00000004)
    __rt_lib_shutdown_user_alloc_1           0x08000221   Thumb Code     0  libshutdown2.o(.ARM.Collect$$libshutdown$$0000000C)
    __rt_entry                               0x08000223   Thumb Code     0  __rtentry.o(.ARM.Collect$$rtentry$$00000000)
    __rt_entry_presh_1                       0x08000223   Thumb Code     0  __rtentry2.o(.ARM.Collect$$rtentry$$00000002)
    __rt_entry_sh                            0x08000223   Thumb Code     0  __rtentry4.o(.ARM.Collect$$rtentry$$00000004)
    __rt_entry_li                            0x08000229   Thumb Code     0  __rtentry2.o(.ARM.Collect$$rtentry$$0000000A)
    __rt_entry_postsh_1                      0x08000229   Thumb Code     0  __rtentry2.o(.ARM.Collect$$rtentry$$00000009)
    __rt_entry_main                          0x0800022d   Thumb Code     0  __rtentry2.o(.ARM.Collect$$rtentry$$0000000D)
    __rt_entry_postli_1                      0x0800022d   Thumb Code     0  __rtentry2.o(.ARM.Collect$$rtentry$$0000000C)
    __rt_exit                                0x08000235   Thumb Code     0  rtexit.o(.ARM.Collect$$rtexit$$00000000)
    __rt_exit_ls                             0x08000237   Thumb Code     0  rtexit2.o(.ARM.Collect$$rtexit$$00000003)
    __rt_exit_prels_1                        0x08000237   Thumb Code     0  rtexit2.o(.ARM.Collect$$rtexit$$00000002)
    __rt_exit_exit                           0x0800023b   Thumb Code     0  rtexit2.o(.ARM.Collect$$rtexit$$00000004)
    Reset_Handler                            0x08000241   Thumb Code     8  startup_stm32f411xe.o(.text)
    ADC_IRQHandler                           0x0800025b   Thumb Code     0  startup_stm32f411xe.o(.text)
    DMA1_Stream0_IRQHandler                  0x0800025b   Thumb Code     0  startup_stm32f411xe.o(.text)
    DMA1_Stream1_IRQHandler                  0x0800025b   Thumb Code     0  startup_stm32f411xe.o(.text)
    DMA1_Stream2_IRQHandler                  0x0800025b   Thumb Code     0  startup_stm32f411xe.o(.text)
    DMA1_Stream3_IRQHandler                  0x0800025b   Thumb Code     0  startup_stm32f411xe.o(.text)
    DMA1_Stream4_IRQHandler                  0x0800025b   Thumb Code     0  startup_stm32f411xe.o(.text)
    DMA1_Stream5_IRQHandler                  0x0800025b   Thumb Code     0  startup_stm32f411xe.o(.text)
    DMA1_Stream6_IRQHandler                  0x0800025b   Thumb Code     0  startup_stm32f411xe.o(.text)
    DMA1_Stream7_IRQHandler                  0x0800025b   Thumb Code     0  startup_stm32f411xe.o(.text)
    DMA2_Stream0_IRQHandler                  0x0800025b   Thumb Code     0  startup_stm32f411xe.o(.text)
    DMA2_Stream1_IRQHandler                  0x0800025b   Thumb Code     0  startup_stm32f411xe.o(.text)
    DMA2_Stream2_IRQHandler                  0x0800025b   Thumb Code     0  startup_stm32f411xe.o(.text)
    DMA2_Stream3_IRQHandler                  0x0800025b   Thumb Code     0  startup_stm32f411xe.o(.text)
    DMA2_Stream4_IRQHandler                  0x0800025b   Thumb Code     0  startup_stm32f411xe.o(.text)
    DMA2_Stream5_IRQHandler                  0x0800025b   Thumb Code     0  startup_stm32f411xe.o(.text)
    DMA2_Stream6_IRQHandler                  0x0800025b   Thumb Code     0  startup_stm32f411xe.o(.text)
    DMA2_Stream7_IRQHandler                  0x0800025b   Thumb Code     0  startup_stm32f411xe.o(.text)
    EXTI0_IRQHandler                         0x0800025b   Thumb Code     0  startup_stm32f411xe.o(.text)
    EXTI15_10_IRQHandler                     0x0800025b   Thumb Code     0  startup_stm32f411xe.o(.text)
    EXTI1_IRQHandler                         0x0800025b   Thumb Code     0  startup_stm32f411xe.o(.text)
    EXTI2_IRQHandler                         0x0800025b   Thumb Code     0  startup_stm32f411xe.o(.text)
    EXTI3_IRQHandler                         0x0800025b   Thumb Code     0  startup_stm32f411xe.o(.text)
    EXTI4_IRQHandler                         0x0800025b   Thumb Code     0  startup_stm32f411xe.o(.text)
    EXTI9_5_IRQHandler                       0x0800025b   Thumb Code     0  startup_stm32f411xe.o(.text)
    FLASH_IRQHandler                         0x0800025b   Thumb Code     0  startup_stm32f411xe.o(.text)
    FPU_IRQHandler                           0x0800025b   Thumb Code     0  startup_stm32f411xe.o(.text)
    I2C1_ER_IRQHandler                       0x0800025b   Thumb Code     0  startup_stm32f411xe.o(.text)
    I2C1_EV_IRQHandler                       0x0800025b   Thumb Code     0  startup_stm32f411xe.o(.text)
    I2C2_ER_IRQHandler                       0x0800025b   Thumb Code     0  startup_stm32f411xe.o(.text)
    I2C2_EV_IRQHandler                       0x0800025b   Thumb Code     0  startup_stm32f411xe.o(.text)
    I2C3_ER_IRQHandler                       0x0800025b   Thumb Code     0  startup_stm32f411xe.o(.text)
    I2C3_EV_IRQHandler                       0x0800025b   Thumb Code     0  startup_stm32f411xe.o(.text)
    OTG_FS_IRQHandler                        0x0800025b   Thumb Code     0  startup_stm32f411xe.o(.text)
    OTG_FS_WKUP_IRQHandler                   0x0800025b   Thumb Code     0  startup_stm32f411xe.o(.text)
    PVD_IRQHandler                           0x0800025b   Thumb Code     0  startup_stm32f411xe.o(.text)
    RCC_IRQHandler                           0x0800025b   Thumb Code     0  startup_stm32f411xe.o(.text)
    RTC_Alarm_IRQHandler                     0x0800025b   Thumb Code     0  startup_stm32f411xe.o(.text)
    RTC_WKUP_IRQHandler                      0x0800025b   Thumb Code     0  startup_stm32f411xe.o(.text)
    SDIO_IRQHandler                          0x0800025b   Thumb Code     0  startup_stm32f411xe.o(.text)
    SPI1_IRQHandler                          0x0800025b   Thumb Code     0  startup_stm32f411xe.o(.text)
    SPI2_IRQHandler                          0x0800025b   Thumb Code     0  startup_stm32f411xe.o(.text)
    SPI3_IRQHandler                          0x0800025b   Thumb Code     0  startup_stm32f411xe.o(.text)
    SPI4_IRQHandler                          0x0800025b   Thumb Code     0  startup_stm32f411xe.o(.text)
    SPI5_IRQHandler                          0x0800025b   Thumb Code     0  startup_stm32f411xe.o(.text)
    TAMP_STAMP_IRQHandler                    0x0800025b   Thumb Code     0  startup_stm32f411xe.o(.text)
    TIM1_BRK_TIM9_IRQHandler                 0x0800025b   Thumb Code     0  startup_stm32f411xe.o(.text)
    TIM1_CC_IRQHandler                       0x0800025b   Thumb Code     0  startup_stm32f411xe.o(.text)
    TIM1_TRG_COM_TIM11_IRQHandler            0x0800025b   Thumb Code     0  startup_stm32f411xe.o(.text)
    TIM1_UP_TIM10_IRQHandler                 0x0800025b   Thumb Code     0  startup_stm32f411xe.o(.text)
    TIM2_IRQHandler                          0x0800025b   Thumb Code     0  startup_stm32f411xe.o(.text)
    TIM3_IRQHandler                          0x0800025b   Thumb Code     0  startup_stm32f411xe.o(.text)
    TIM4_IRQHandler                          0x0800025b   Thumb Code     0  startup_stm32f411xe.o(.text)
    TIM5_IRQHandler                          0x0800025b   Thumb Code     0  startup_stm32f411xe.o(.text)
    USART1_IRQHandler                        0x0800025b   Thumb Code     0  startup_stm32f411xe.o(.text)
    USART2_IRQHandler                        0x0800025b   Thumb Code     0  startup_stm32f411xe.o(.text)
    USART6_IRQHandler                        0x0800025b   Thumb Code     0  startup_stm32f411xe.o(.text)
    WWDG_IRQHandler                          0x0800025b   Thumb Code     0  startup_stm32f411xe.o(.text)
    __user_initial_stackheap                 0x0800025d   Thumb Code     0  startup_stm32f411xe.o(.text)
    __aeabi_uldivmod                         0x08000281   Thumb Code     0  lludivv7m.o(.text)
    _ll_udiv                                 0x08000281   Thumb Code   238  lludivv7m.o(.text)
    __2sprintf                               0x08000371   Thumb Code    34  noretval__2sprintf.o(.text)
    _printf_pre_padding                      0x08000399   Thumb Code    44  _printf_pad.o(.text)
    _printf_post_padding                     0x080003c5   Thumb Code    34  _printf_pad.o(.text)
    _printf_int_hex                          0x080003e9   Thumb Code    84  _printf_hex_int.o(.text)
    _printf_longlong_hex                     0x080003e9   Thumb Code     0  _printf_hex_int.o(.text)
    __printf                                 0x08000441   Thumb Code   388  __printf_flags_ss_wp.o(.text)
    strlen                                   0x080005c9   Thumb Code    62  strlen.o(.text)
    __aeabi_memclr4                          0x08000607   Thumb Code     0  rt_memclr_w.o(.text)
    __aeabi_memclr8                          0x08000607   Thumb Code     0  rt_memclr_w.o(.text)
    __rt_memclr_w                            0x08000607   Thumb Code    78  rt_memclr_w.o(.text)
    _memset_w                                0x0800060b   Thumb Code     0  rt_memclr_w.o(.text)
    __use_two_region_memory                  0x08000655   Thumb Code     2  heapauxi.o(.text)
    __rt_heap_escrow$2region                 0x08000657   Thumb Code     2  heapauxi.o(.text)
    __rt_heap_expand$2region                 0x08000659   Thumb Code     2  heapauxi.o(.text)
    _printf_int_common                       0x0800065b   Thumb Code   178  _printf_intcommon.o(.text)
    _printf_char_common                      0x08000717   Thumb Code    32  _printf_char_common.o(.text)
    _sputc                                   0x0800073d   Thumb Code    10  _sputc.o(.text)
    __user_setup_stackheap                   0x08000747   Thumb Code    74  sys_stackheap_outer.o(.text)
    exit                                     0x08000791   Thumb Code    18  exit.o(.text)
    __user_libspace                          0x080007a5   Thumb Code     8  libspace.o(.text)
    __user_perproc_libspace                  0x080007a5   Thumb Code     0  libspace.o(.text)
    __user_perthread_libspace                0x080007a5   Thumb Code     0  libspace.o(.text)
    _sys_exit                                0x080007ad   Thumb Code     8  sys_exit.o(.text)
    __I$use$semihosting                      0x080007b9   Thumb Code     0  use_no_semi.o(.text)
    __use_no_semihosting_swi                 0x080007b9   Thumb Code     2  use_no_semi.o(.text)
    BusFault_Handler                         0x080007bb   Thumb Code     2  stm32f4xx_it.o(i.BusFault_Handler)
    __semihosting_library_function           0x080007bb   Thumb Code     0  indicate_semi.o(.text)
    DebugMon_Handler                         0x080007bd   Thumb Code     2  stm32f4xx_it.o(i.DebugMon_Handler)
    Error_Handler                            0x080007bf   Thumb Code     4  main.o(i.Error_Handler)
    FATFS_LinkDriver                         0x080007c3   Thumb Code     6  ff_gen_drv.o(i.FATFS_LinkDriver)
    FATFS_LinkDriverEx                       0x080007c9   Thumb Code    58  ff_gen_drv.o(i.FATFS_LinkDriverEx)
    HAL_Delay                                0x08000809   Thumb Code    32  stm32f4xx_hal.o(i.HAL_Delay)
    HAL_GPIO_Init                            0x0800082d   Thumb Code   446  stm32f4xx_hal_gpio.o(i.HAL_GPIO_Init)
    HAL_GPIO_WritePin                        0x08000a0d   Thumb Code    10  stm32f4xx_hal_gpio.o(i.HAL_GPIO_WritePin)
    HAL_GetTick                              0x08000a19   Thumb Code     6  stm32f4xx_hal.o(i.HAL_GetTick)
    HAL_IncTick                              0x08000a25   Thumb Code    12  stm32f4xx_hal.o(i.HAL_IncTick)
    HAL_Init                                 0x08000a35   Thumb Code    48  stm32f4xx_hal.o(i.HAL_Init)
    HAL_InitTick                             0x08000a69   Thumb Code    54  stm32f4xx_hal.o(i.HAL_InitTick)
    HAL_MspInit                              0x08000aa9   Thumb Code    42  stm32f4xx_hal_msp.o(i.HAL_MspInit)
    HAL_NVIC_SetPriority                     0x08000ad9   Thumb Code    60  stm32f4xx_hal_cortex.o(i.HAL_NVIC_SetPriority)
    HAL_NVIC_SetPriorityGrouping             0x08000b19   Thumb Code    26  stm32f4xx_hal_cortex.o(i.HAL_NVIC_SetPriorityGrouping)
    HAL_RCC_ClockConfig                      0x08000b3d   Thumb Code   288  stm32f4xx_hal_rcc.o(i.HAL_RCC_ClockConfig)
    HAL_RCC_GetPCLK1Freq                     0x08000c71   Thumb Code    20  stm32f4xx_hal_rcc.o(i.HAL_RCC_GetPCLK1Freq)
    HAL_RCC_GetPCLK2Freq                     0x08000c91   Thumb Code    20  stm32f4xx_hal_rcc.o(i.HAL_RCC_GetPCLK2Freq)
    HAL_RCC_GetSysClockFreq                  0x08000cb1   Thumb Code    88  stm32f4xx_hal_rcc.o(i.HAL_RCC_GetSysClockFreq)
    HAL_RCC_OscConfig                        0x08000d15   Thumb Code   856  stm32f4xx_hal_rcc.o(i.HAL_RCC_OscConfig)
    HAL_SPI_Init                             0x08001081   Thumb Code   188  stm32f4xx_hal_spi.o(i.HAL_SPI_Init)
    HAL_SPI_MspInit                          0x0800113d   Thumb Code    92  stm32f4xx_hal_msp.o(i.HAL_SPI_MspInit)
    HAL_SPI_TransmitReceive                  0x080011a5   Thumb Code   496  stm32f4xx_hal_spi.o(i.HAL_SPI_TransmitReceive)
    HAL_SYSTICK_Config                       0x08001395   Thumb Code    40  stm32f4xx_hal_cortex.o(i.HAL_SYSTICK_Config)
    HAL_UART_Init                            0x080013bd   Thumb Code   100  stm32f4xx_hal_uart.o(i.HAL_UART_Init)
    HAL_UART_MspInit                         0x08001421   Thumb Code    92  stm32f4xx_hal_msp.o(i.HAL_UART_MspInit)
    HAL_UART_Transmit                        0x08001489   Thumb Code   160  stm32f4xx_hal_uart.o(i.HAL_UART_Transmit)
    HardFault_Handler                        0x08001529   Thumb Code     2  stm32f4xx_it.o(i.HardFault_Handler)
    MX_FATFS_Init                            0x0800152d   Thumb Code    18  fatfs.o(i.MX_FATFS_Init)
    MemManage_Handler                        0x080015e9   Thumb Code     2  stm32f4xx_it.o(i.MemManage_Handler)
    NMI_Handler                              0x080015eb   Thumb Code     2  stm32f4xx_it.o(i.NMI_Handler)
    PendSV_Handler                           0x080015ed   Thumb Code     2  stm32f4xx_it.o(i.PendSV_Handler)
    SD_List_File                             0x080015f1   Thumb Code   170  sd.o(i.SD_List_File)
    SD_Read_Block                            0x080016c9   Thumb Code    86  sd.o(i.SD_Read_Block)
    SD_Write_Block                           0x0800171f   Thumb Code   100  sd.o(i.SD_Write_Block)
    SPI_ReceiveByte                          0x08001881   Thumb Code     6  sd.o(i.SPI_ReceiveByte)
    SPI_Release                              0x08001887   Thumb Code     6  sd.o(i.SPI_Release)
    SPI_wait_ready                           0x08001945   Thumb Code    32  sd.o(i.SPI_wait_ready)
    SPIx_WriteRead                           0x08001965   Thumb Code    48  sd.o(i.SPIx_WriteRead)
    SVC_Handler                              0x0800199d   Thumb Code     2  stm32f4xx_it.o(i.SVC_Handler)
    SysTick_Handler                          0x0800199f   Thumb Code     4  stm32f4xx_it.o(i.SysTick_Handler)
    SystemClock_Config                       0x080019a5   Thumb Code   140  main.o(i.SystemClock_Config)
    SystemInit                               0x08001a39   Thumb Code    12  system_stm32f4xx.o(i.SystemInit)
    USER_initialize                          0x08001c19   Thumb Code    42  user_diskio.o(i.USER_initialize)
    USER_ioctl                               0x08001c61   Thumb Code    60  user_diskio.o(i.USER_ioctl)
    USER_read                                0x08001ca1   Thumb Code    62  user_diskio.o(i.USER_read)
    USER_status                              0x08001ce9   Thumb Code    12  user_diskio.o(i.USER_status)
    USER_write                               0x08001cf9   Thumb Code    72  user_diskio.o(i.USER_write)
    UsageFault_Handler                       0x08001d49   Thumb Code     2  stm32f4xx_it.o(i.UsageFault_Handler)
    _is_digit                                0x08001d6b   Thumb Code    14  __printf_wp.o(i._is_digit)
    disk_initialize                          0x080024a9   Thumb Code    38  diskio.o(i.disk_initialize)
    disk_ioctl                               0x080024d5   Thumb Code    24  diskio.o(i.disk_ioctl)
    disk_read                                0x080024f1   Thumb Code    24  diskio.o(i.disk_read)
    disk_status                              0x0800250d   Thumb Code    18  diskio.o(i.disk_status)
    disk_write                               0x08002525   Thumb Code    24  diskio.o(i.disk_write)
    f_closedir                               0x08002541   Thumb Code    34  ff.o(i.f_closedir)
    f_mount                                  0x08002565   Thumb Code    84  ff.o(i.f_mount)
    f_opendir                                0x080025bd   Thumb Code   130  ff.o(i.f_opendir)
    f_readdir                                0x0800263f   Thumb Code    64  ff.o(i.f_readdir)
    ff_convert                               0x08002681   Thumb Code    52  ccsbcs.o(i.ff_convert)
    ff_wtoupper                              0x080026b9   Thumb Code   120  ccsbcs.o(i.ff_wtoupper)
    main                                     0x08002d19   Thumb Code    86  main.o(i.main)
    sd_ini                                   0x08002f69   Thumb Code   430  sd.o(i.sd_ini)
    _fp_init                                 0x08003221   Thumb Code    10  fpinit.o(x$fpl$fpinit)
    __fplib_config_fpu_vfp                   0x08003229   Thumb Code     0  fpinit.o(x$fpl$fpinit)
    __fplib_config_pureend_doubles           0x08003229   Thumb Code     0  fpinit.o(x$fpl$fpinit)
    AHBPrescTable                            0x0800322a   Data          16  system_stm32f4xx.o(.constdata)
    APBPrescTable                            0x0800323a   Data           8  system_stm32f4xx.o(.constdata)
    Region$$Table$$Base                      0x080036d4   Number         0  anon$$obj.o(Region$$Table)
    Region$$Table$$Limit                     0x080036f4   Number         0  anon$$obj.o(Region$$Table)
    retUSER                                  0x20000000   Data           1  fatfs.o(.data)
    USER_Path                                0x20000001   Data           4  fatfs.o(.data)
    sdinfo                                   0x20000008   Data           1  sd.o(.data)
    result                                   0x20000009   Data           1  sd.o(.data)
    res                                      0x2000000a   Data           1  sd.o(.data)
    fs                                       0x2000000c   Data           4  sd.o(.data)
    byteswritten                             0x20000010   Data           4  sd.o(.data)
    bytesread                                0x20000014   Data           4  sd.o(.data)
    fn                                       0x20000018   Data           4  sd.o(.data)
    fre_clust                                0x2000001c   Data           4  sd.o(.data)
    fre_sect                                 0x20000020   Data           4  sd.o(.data)
    tot_sect                                 0x20000024   Data           4  sd.o(.data)
    USER_Driver                              0x2000002c   Data          20  user_diskio.o(.data)
    uwTickFreq                               0x20000040   Data           1  stm32f4xx_hal.o(.data)
    uwTickPrio                               0x20000044   Data           4  stm32f4xx_hal.o(.data)
    uwTick                                   0x20000048   Data           4  stm32f4xx_hal.o(.data)
    SystemCoreClock                          0x2000004c   Data           4  system_stm32f4xx.o(.data)
    hspi1                                    0x20000058   Data          88  main.o(.bss)
    huart6                                   0x200000b0   Data          72  main.o(.bss)
    str1                                     0x200000f8   Data          60  sd.o(.bss)
    SDFatFs                                  0x20000134   Data        4152  sd.o(.bss)
    MyFile                                   0x2000116c   Data        4148  sd.o(.bss)
    sect                                     0x200021a0   Data         512  sd.o(.bss)
    fileInfo                                 0x200023a0   Data         288  sd.o(.bss)
    dir                                      0x200024c0   Data          52  sd.o(.bss)
    disk                                     0x20002714   Data          12  ff_gen_drv.o(.bss)
    __libspace_start                         0x20002720   Data          96  libspace.o(.bss)
    __temporary_stack_top$libspace           0x20002780   Data           0  libspace.o(.bss)



==============================================================================

Memory Map of the image

  Image Entry point : 0x08000199

  Load Region LR_IROM1 (Base: 0x08000000, Size: 0x0000374c, Max: 0x00080000, ABSOLUTE)

    Execution Region ER_IROM1 (Exec base: 0x08000000, Load base: 0x08000000, Size: 0x000036f4, Max: 0x00080000, ABSOLUTE)

    Exec Addr    Load Addr    Size         Type   Attr      Idx    E Section Name        Object

    0x08000000   0x08000000   0x00000198   Data   RO            3    RESET               startup_stm32f411xe.o
    0x08000198   0x08000198   0x00000008   Code   RO         3127  * !!!main             c_w.l(__main.o)
    0x080001a0   0x080001a0   0x00000034   Code   RO         3305    !!!scatter          c_w.l(__scatter.o)
    0x080001d4   0x080001d4   0x0000001a   Code   RO         3307    !!handler_copy      c_w.l(__scatter_copy.o)
    0x080001ee   0x080001ee   0x00000002   PAD
    0x080001f0   0x080001f0   0x0000001c   Code   RO         3309    !!handler_zi        c_w.l(__scatter_zi.o)
    0x0800020c   0x0800020c   0x00000000   Code   RO         3116    .ARM.Collect$$_printf_percent$$00000000  c_w.l(_printf_percent.o)
    0x0800020c   0x0800020c   0x00000006   Code   RO         3113    .ARM.Collect$$_printf_percent$$0000000C  c_w.l(_printf_x.o)
    0x08000212   0x08000212   0x00000004   Code   RO         3142    .ARM.Collect$$_printf_percent$$00000017  c_w.l(_printf_percent_end.o)
    0x08000216   0x08000216   0x00000002   Code   RO         3175    .ARM.Collect$$libinit$$00000000  c_w.l(libinit.o)
    0x08000218   0x08000218   0x00000004   Code   RO         3187    .ARM.Collect$$libinit$$00000001  c_w.l(libinit2.o)
    0x0800021c   0x0800021c   0x00000000   Code   RO         3190    .ARM.Collect$$libinit$$00000004  c_w.l(libinit2.o)
    0x0800021c   0x0800021c   0x00000000   Code   RO         3193    .ARM.Collect$$libinit$$0000000A  c_w.l(libinit2.o)
    0x0800021c   0x0800021c   0x00000000   Code   RO         3195    .ARM.Collect$$libinit$$0000000C  c_w.l(libinit2.o)
    0x0800021c   0x0800021c   0x00000000   Code   RO         3197    .ARM.Collect$$libinit$$0000000E  c_w.l(libinit2.o)
    0x0800021c   0x0800021c   0x00000000   Code   RO         3200    .ARM.Collect$$libinit$$00000011  c_w.l(libinit2.o)
    0x0800021c   0x0800021c   0x00000000   Code   RO         3202    .ARM.Collect$$libinit$$00000013  c_w.l(libinit2.o)
    0x0800021c   0x0800021c   0x00000000   Code   RO         3204    .ARM.Collect$$libinit$$00000015  c_w.l(libinit2.o)
    0x0800021c   0x0800021c   0x00000000   Code   RO         3206    .ARM.Collect$$libinit$$00000017  c_w.l(libinit2.o)
    0x0800021c   0x0800021c   0x00000000   Code   RO         3208    .ARM.Collect$$libinit$$00000019  c_w.l(libinit2.o)
    0x0800021c   0x0800021c   0x00000000   Code   RO         3210    .ARM.Collect$$libinit$$0000001B  c_w.l(libinit2.o)
    0x0800021c   0x0800021c   0x00000000   Code   RO         3212    .ARM.Collect$$libinit$$0000001D  c_w.l(libinit2.o)
    0x0800021c   0x0800021c   0x00000000   Code   RO         3214    .ARM.Collect$$libinit$$0000001F  c_w.l(libinit2.o)
    0x0800021c   0x0800021c   0x00000000   Code   RO         3216    .ARM.Collect$$libinit$$00000021  c_w.l(libinit2.o)
    0x0800021c   0x0800021c   0x00000000   Code   RO         3218    .ARM.Collect$$libinit$$00000023  c_w.l(libinit2.o)
    0x0800021c   0x0800021c   0x00000000   Code   RO         3220    .ARM.Collect$$libinit$$00000025  c_w.l(libinit2.o)
    0x0800021c   0x0800021c   0x00000000   Code   RO         3224    .ARM.Collect$$libinit$$0000002C  c_w.l(libinit2.o)
    0x0800021c   0x0800021c   0x00000000   Code   RO         3226    .ARM.Collect$$libinit$$0000002E  c_w.l(libinit2.o)
    0x0800021c   0x0800021c   0x00000000   Code   RO         3228    .ARM.Collect$$libinit$$00000030  c_w.l(libinit2.o)
    0x0800021c   0x0800021c   0x00000000   Code   RO         3230    .ARM.Collect$$libinit$$00000032  c_w.l(libinit2.o)
    0x0800021c   0x0800021c   0x00000002   Code   RO         3231    .ARM.Collect$$libinit$$00000033  c_w.l(libinit2.o)
    0x0800021e   0x0800021e   0x00000002   Code   RO         3262    .ARM.Collect$$libshutdown$$00000000  c_w.l(libshutdown.o)
    0x08000220   0x08000220   0x00000000   Code   RO         3288    .ARM.Collect$$libshutdown$$00000002  c_w.l(libshutdown2.o)
    0x08000220   0x08000220   0x00000000   Code   RO         3290    .ARM.Collect$$libshutdown$$00000004  c_w.l(libshutdown2.o)
    0x08000220   0x08000220   0x00000000   Code   RO         3293    .ARM.Collect$$libshutdown$$00000007  c_w.l(libshutdown2.o)
    0x08000220   0x08000220   0x00000000   Code   RO         3296    .ARM.Collect$$libshutdown$$0000000A  c_w.l(libshutdown2.o)
    0x08000220   0x08000220   0x00000000   Code   RO         3298    .ARM.Collect$$libshutdown$$0000000C  c_w.l(libshutdown2.o)
    0x08000220   0x08000220   0x00000000   Code   RO         3301    .ARM.Collect$$libshutdown$$0000000F  c_w.l(libshutdown2.o)
    0x08000220   0x08000220   0x00000002   Code   RO         3302    .ARM.Collect$$libshutdown$$00000010  c_w.l(libshutdown2.o)
    0x08000222   0x08000222   0x00000000   Code   RO         3129    .ARM.Collect$$rtentry$$00000000  c_w.l(__rtentry.o)
    0x08000222   0x08000222   0x00000000   Code   RO         3144    .ARM.Collect$$rtentry$$00000002  c_w.l(__rtentry2.o)
    0x08000222   0x08000222   0x00000006   Code   RO         3156    .ARM.Collect$$rtentry$$00000004  c_w.l(__rtentry4.o)
    0x08000228   0x08000228   0x00000000   Code   RO         3146    .ARM.Collect$$rtentry$$00000009  c_w.l(__rtentry2.o)
    0x08000228   0x08000228   0x00000004   Code   RO         3147    .ARM.Collect$$rtentry$$0000000A  c_w.l(__rtentry2.o)
    0x0800022c   0x0800022c   0x00000000   Code   RO         3149    .ARM.Collect$$rtentry$$0000000C  c_w.l(__rtentry2.o)
    0x0800022c   0x0800022c   0x00000008   Code   RO         3150    .ARM.Collect$$rtentry$$0000000D  c_w.l(__rtentry2.o)
    0x08000234   0x08000234   0x00000002   Code   RO         3179    .ARM.Collect$$rtexit$$00000000  c_w.l(rtexit.o)
    0x08000236   0x08000236   0x00000000   Code   RO         3235    .ARM.Collect$$rtexit$$00000002  c_w.l(rtexit2.o)
    0x08000236   0x08000236   0x00000004   Code   RO         3236    .ARM.Collect$$rtexit$$00000003  c_w.l(rtexit2.o)
    0x0800023a   0x0800023a   0x00000006   Code   RO         3237    .ARM.Collect$$rtexit$$00000004  c_w.l(rtexit2.o)
    0x08000240   0x08000240   0x00000040   Code   RO            4    .text               startup_stm32f411xe.o
    0x08000280   0x08000280   0x000000ee   Code   RO         3057    .text               c_w.l(lludivv7m.o)
    0x0800036e   0x0800036e   0x00000002   PAD
    0x08000370   0x08000370   0x00000028   Code   RO         3061    .text               c_w.l(noretval__2sprintf.o)
    0x08000398   0x08000398   0x0000004e   Code   RO         3065    .text               c_w.l(_printf_pad.o)
    0x080003e6   0x080003e6   0x00000002   PAD
    0x080003e8   0x080003e8   0x00000058   Code   RO         3074    .text               c_w.l(_printf_hex_int.o)
    0x08000440   0x08000440   0x00000188   Code   RO         3109    .text               c_w.l(__printf_flags_ss_wp.o)
    0x080005c8   0x080005c8   0x0000003e   Code   RO         3119    .text               c_w.l(strlen.o)
    0x08000606   0x08000606   0x0000004e   Code   RO         3123    .text               c_w.l(rt_memclr_w.o)
    0x08000654   0x08000654   0x00000006   Code   RO         3125    .text               c_w.l(heapauxi.o)
    0x0800065a   0x0800065a   0x000000b2   Code   RO         3134    .text               c_w.l(_printf_intcommon.o)
    0x0800070c   0x0800070c   0x00000030   Code   RO         3136    .text               c_w.l(_printf_char_common.o)
    0x0800073c   0x0800073c   0x0000000a   Code   RO         3138    .text               c_w.l(_sputc.o)
    0x08000746   0x08000746   0x0000004a   Code   RO         3162    .text               c_w.l(sys_stackheap_outer.o)
    0x08000790   0x08000790   0x00000012   Code   RO         3164    .text               c_w.l(exit.o)
    0x080007a2   0x080007a2   0x00000002   PAD
    0x080007a4   0x080007a4   0x00000008   Code   RO         3176    .text               c_w.l(libspace.o)
    0x080007ac   0x080007ac   0x0000000c   Code   RO         3232    .text               c_w.l(sys_exit.o)
    0x080007b8   0x080007b8   0x00000002   Code   RO         3251    .text               c_w.l(use_no_semi.o)
    0x080007ba   0x080007ba   0x00000000   Code   RO         3253    .text               c_w.l(indicate_semi.o)
    0x080007ba   0x080007ba   0x00000002   Code   RO          191    i.BusFault_Handler  stm32f4xx_it.o
    0x080007bc   0x080007bc   0x00000002   Code   RO          192    i.DebugMon_Handler  stm32f4xx_it.o
    0x080007be   0x080007be   0x00000004   Code   RO           13    i.Error_Handler     main.o
    0x080007c2   0x080007c2   0x00000006   Code   RO         2952    i.FATFS_LinkDriver  ff_gen_drv.o
    0x080007c8   0x080007c8   0x00000040   Code   RO         2953    i.FATFS_LinkDriverEx  ff_gen_drv.o
    0x08000808   0x08000808   0x00000024   Code   RO         1566    i.HAL_Delay         stm32f4xx_hal.o
    0x0800082c   0x0800082c   0x000001e0   Code   RO          998    i.HAL_GPIO_Init     stm32f4xx_hal_gpio.o
    0x08000a0c   0x08000a0c   0x0000000a   Code   RO         1002    i.HAL_GPIO_WritePin  stm32f4xx_hal_gpio.o
    0x08000a16   0x08000a16   0x00000002   PAD
    0x08000a18   0x08000a18   0x0000000c   Code   RO         1572    i.HAL_GetTick       stm32f4xx_hal.o
    0x08000a24   0x08000a24   0x00000010   Code   RO         1578    i.HAL_IncTick       stm32f4xx_hal.o
    0x08000a34   0x08000a34   0x00000034   Code   RO         1579    i.HAL_Init          stm32f4xx_hal.o
    0x08000a68   0x08000a68   0x00000040   Code   RO         1580    i.HAL_InitTick      stm32f4xx_hal.o
    0x08000aa8   0x08000aa8   0x00000030   Code   RO          270    i.HAL_MspInit       stm32f4xx_hal_msp.o
    0x08000ad8   0x08000ad8   0x00000040   Code   RO         1420    i.HAL_NVIC_SetPriority  stm32f4xx_hal_cortex.o
    0x08000b18   0x08000b18   0x00000024   Code   RO         1421    i.HAL_NVIC_SetPriorityGrouping  stm32f4xx_hal_cortex.o
    0x08000b3c   0x08000b3c   0x00000134   Code   RO          590    i.HAL_RCC_ClockConfig  stm32f4xx_hal_rcc.o
    0x08000c70   0x08000c70   0x00000020   Code   RO          597    i.HAL_RCC_GetPCLK1Freq  stm32f4xx_hal_rcc.o
    0x08000c90   0x08000c90   0x00000020   Code   RO          598    i.HAL_RCC_GetPCLK2Freq  stm32f4xx_hal_rcc.o
    0x08000cb0   0x08000cb0   0x00000064   Code   RO          599    i.HAL_RCC_GetSysClockFreq  stm32f4xx_hal_rcc.o
    0x08000d14   0x08000d14   0x0000036c   Code   RO          602    i.HAL_RCC_OscConfig  stm32f4xx_hal_rcc.o
    0x08001080   0x08001080   0x000000bc   Code   RO         1828    i.HAL_SPI_Init      stm32f4xx_hal_spi.o
    0x0800113c   0x0800113c   0x00000068   Code   RO          272    i.HAL_SPI_MspInit   stm32f4xx_hal_msp.o
    0x080011a4   0x080011a4   0x000001f0   Code   RO         1837    i.HAL_SPI_TransmitReceive  stm32f4xx_hal_spi.o
    0x08001394   0x08001394   0x00000028   Code   RO         1425    i.HAL_SYSTICK_Config  stm32f4xx_hal_cortex.o
    0x080013bc   0x080013bc   0x00000064   Code   RO         2169    i.HAL_UART_Init     stm32f4xx_hal_uart.o
    0x08001420   0x08001420   0x00000068   Code   RO          274    i.HAL_UART_MspInit  stm32f4xx_hal_msp.o
    0x08001488   0x08001488   0x000000a0   Code   RO         2177    i.HAL_UART_Transmit  stm32f4xx_hal_uart.o
    0x08001528   0x08001528   0x00000002   Code   RO          193    i.HardFault_Handler  stm32f4xx_it.o
    0x0800152a   0x0800152a   0x00000002   PAD
    0x0800152c   0x0800152c   0x0000001c   Code   RO          318    i.MX_FATFS_Init     fatfs.o
    0x08001548   0x08001548   0x00000060   Code   RO           14    i.MX_GPIO_Init      main.o
    0x080015a8   0x080015a8   0x00000040   Code   RO           15    i.MX_SPI1_Init      main.o
    0x080015e8   0x080015e8   0x00000002   Code   RO          194    i.MemManage_Handler  stm32f4xx_it.o
    0x080015ea   0x080015ea   0x00000002   Code   RO          195    i.NMI_Handler       stm32f4xx_it.o
    0x080015ec   0x080015ec   0x00000002   Code   RO          196    i.PendSV_Handler    stm32f4xx_it.o
    0x080015ee   0x080015ee   0x00000002   PAD
    0x080015f0   0x080015f0   0x000000d8   Code   RO          358    i.SD_List_File      sd.o
    0x080016c8   0x080016c8   0x00000056   Code   RO          360    i.SD_Read_Block     sd.o
    0x0800171e   0x0800171e   0x00000064   Code   RO          362    i.SD_Write_Block    sd.o
    0x08001782   0x08001782   0x00000002   PAD
    0x08001784   0x08001784   0x00000090   Code   RO          364    i.SD_cmd            sd.o
    0x08001814   0x08001814   0x0000006c   Code   RO         1866    i.SPI_EndRxTxTransaction  stm32f4xx_hal_spi.o
    0x08001880   0x08001880   0x00000006   Code   RO          369    i.SPI_ReceiveByte   sd.o
    0x08001886   0x08001886   0x00000006   Code   RO          370    i.SPI_Release       sd.o
    0x0800188c   0x0800188c   0x000000b8   Code   RO         1871    i.SPI_WaitFlagStateUntilTimeout  stm32f4xx_hal_spi.o
    0x08001944   0x08001944   0x00000020   Code   RO          372    i.SPI_wait_ready    sd.o
    0x08001964   0x08001964   0x00000038   Code   RO          373    i.SPIx_WriteRead    sd.o
    0x0800199c   0x0800199c   0x00000002   Code   RO          197    i.SVC_Handler       stm32f4xx_it.o
    0x0800199e   0x0800199e   0x00000004   Code   RO          198    i.SysTick_Handler   stm32f4xx_it.o
    0x080019a2   0x080019a2   0x00000002   PAD
    0x080019a4   0x080019a4   0x00000094   Code   RO           16    i.SystemClock_Config  main.o
    0x08001a38   0x08001a38   0x00000010   Code   RO         2503    i.SystemInit        system_stm32f4xx.o
    0x08001a48   0x08001a48   0x0000004e   Code   RO         2192    i.UART_EndRxTransfer  stm32f4xx_hal_uart.o
    0x08001a96   0x08001a96   0x00000002   PAD
    0x08001a98   0x08001a98   0x0000010c   Code   RO         2195    i.UART_SetConfig    stm32f4xx_hal_uart.o
    0x08001ba4   0x08001ba4   0x00000072   Code   RO         2198    i.UART_WaitOnFlagUntilTimeout  stm32f4xx_hal_uart.o
    0x08001c16   0x08001c16   0x00000002   PAD
    0x08001c18   0x08001c18   0x00000048   Code   RO          524    i.USER_initialize   user_diskio.o
    0x08001c60   0x08001c60   0x00000040   Code   RO          525    i.USER_ioctl        user_diskio.o
    0x08001ca0   0x08001ca0   0x00000048   Code   RO          526    i.USER_read         user_diskio.o
    0x08001ce8   0x08001ce8   0x00000010   Code   RO          527    i.USER_status       user_diskio.o
    0x08001cf8   0x08001cf8   0x00000050   Code   RO          528    i.USER_write        user_diskio.o
    0x08001d48   0x08001d48   0x00000002   Code   RO          199    i.UsageFault_Handler  stm32f4xx_it.o
    0x08001d4a   0x08001d4a   0x00000020   Code   RO         1427    i.__NVIC_SetPriority  stm32f4xx_hal_cortex.o
    0x08001d6a   0x08001d6a   0x0000000e   Code   RO         3102    i._is_digit         c_w.l(__printf_wp.o)
    0x08001d78   0x08001d78   0x00000070   Code   RO         2595    i.check_fs          ff.o
    0x08001de8   0x08001de8   0x00000010   Code   RO         2596    i.chk_chr           ff.o
    0x08001df8   0x08001df8   0x00000020   Code   RO         2598    i.clear_lock        ff.o
    0x08001e18   0x08001e18   0x00000018   Code   RO         2600    i.clust2sect        ff.o
    0x08001e30   0x08001e30   0x00000080   Code   RO         2601    i.cmp_lfn           ff.o
    0x08001eb0   0x08001eb0   0x000000a4   Code   RO         2602    i.create_chain      ff.o
    0x08001f54   0x08001f54   0x00000208   Code   RO         2603    i.create_name       ff.o
    0x0800215c   0x0800215c   0x00000034   Code   RO         2604    i.dec_lock          ff.o
    0x08002190   0x08002190   0x000000d0   Code   RO         2605    i.dir_find          ff.o
    0x08002260   0x08002260   0x00000102   Code   RO         2606    i.dir_next          ff.o
    0x08002362   0x08002362   0x000000b6   Code   RO         2607    i.dir_read          ff.o
    0x08002418   0x08002418   0x0000008e   Code   RO         2610    i.dir_sdi           ff.o
    0x080024a6   0x080024a6   0x00000002   PAD
    0x080024a8   0x080024a8   0x0000002c   Code   RO         2540    i.disk_initialize   diskio.o
    0x080024d4   0x080024d4   0x0000001c   Code   RO         2541    i.disk_ioctl        diskio.o
    0x080024f0   0x080024f0   0x0000001c   Code   RO         2542    i.disk_read         diskio.o
    0x0800250c   0x0800250c   0x00000018   Code   RO         2543    i.disk_status       diskio.o
    0x08002524   0x08002524   0x0000001c   Code   RO         2544    i.disk_write        diskio.o
    0x08002540   0x08002540   0x00000022   Code   RO         2612    i.f_closedir        ff.o
    0x08002562   0x08002562   0x00000002   PAD
    0x08002564   0x08002564   0x00000058   Code   RO         2618    i.f_mount           ff.o
    0x080025bc   0x080025bc   0x00000082   Code   RO         2620    i.f_opendir         ff.o
    0x0800263e   0x0800263e   0x00000040   Code   RO         2625    i.f_readdir         ff.o
    0x0800267e   0x0800267e   0x00000002   PAD
    0x08002680   0x08002680   0x00000038   Code   RO         3026    i.ff_convert        ccsbcs.o
    0x080026b8   0x080026b8   0x00000080   Code   RO         3027    i.ff_wtoupper       ccsbcs.o
    0x08002738   0x08002738   0x00000290   Code   RO         2632    i.find_volume       ff.o
    0x080029c8   0x080029c8   0x0000007a   Code   RO         2633    i.follow_path       ff.o
    0x08002a42   0x08002a42   0x000000e8   Code   RO         2635    i.get_fat           ff.o
    0x08002b2a   0x08002b2a   0x000000e8   Code   RO         2636    i.get_fileinfo      ff.o
    0x08002c12   0x08002c12   0x0000003c   Code   RO         2637    i.get_ldnumber      ff.o
    0x08002c4e   0x08002c4e   0x00000002   PAD
    0x08002c50   0x08002c50   0x00000080   Code   RO         2638    i.inc_lock          ff.o
    0x08002cd0   0x08002cd0   0x00000026   Code   RO         2639    i.ld_clust          ff.o
    0x08002cf6   0x08002cf6   0x00000016   Code   RO         2640    i.ld_dword          ff.o
    0x08002d0c   0x08002d0c   0x0000000a   Code   RO         2641    i.ld_word           ff.o
    0x08002d16   0x08002d16   0x00000002   PAD
    0x08002d18   0x08002d18   0x00000078   Code   RO           17    i.main              main.o
    0x08002d90   0x08002d90   0x0000000e   Code   RO         2643    i.mem_set           ff.o
    0x08002d9e   0x08002d9e   0x00000032   Code   RO         2644    i.move_window       ff.o
    0x08002dd0   0x08002dd0   0x00000074   Code   RO         2645    i.pick_lfn          ff.o
    0x08002e44   0x08002e44   0x00000124   Code   RO         2646    i.put_fat           ff.o
    0x08002f68   0x08002f68   0x00000200   Code   RO          379    i.sd_ini            sd.o
    0x08003168   0x08003168   0x00000010   Code   RO         2651    i.st_dword          ff.o
    0x08003178   0x08003178   0x00000008   Code   RO         2652    i.st_word           ff.o
    0x08003180   0x08003180   0x0000001a   Code   RO         2653    i.sum_sfn           ff.o
    0x0800319a   0x0800319a   0x00000052   Code   RO         2655    i.sync_window       ff.o
    0x080031ec   0x080031ec   0x00000034   Code   RO         2656    i.validate          ff.o
    0x08003220   0x08003220   0x0000000a   Code   RO         3247    x$fpl$fpinit        fz_wm.l(fpinit.o)
    0x0800322a   0x0800322a   0x00000010   Data   RO         2504    .constdata          system_stm32f4xx.o
    0x0800323a   0x0800323a   0x00000008   Data   RO         2505    .constdata          system_stm32f4xx.o
    0x08003242   0x08003242   0x000000aa   Data   RO         2658    .constdata          ff.o
    0x080032ec   0x080032ec   0x000003ae   Data   RO         3028    .constdata          ccsbcs.o
    0x0800369a   0x0800369a   0x00000028   Data   RO         3075    .constdata          c_w.l(_printf_hex_int.o)
    0x080036c2   0x080036c2   0x00000011   Data   RO         3110    .constdata          c_w.l(__printf_flags_ss_wp.o)
    0x080036d3   0x080036d3   0x00000001   PAD
    0x080036d4   0x080036d4   0x00000020   Data   RO         3303    Region$$Table       anon$$obj.o


    Execution Region RW_IRAM1 (Exec base: 0x20000000, Load base: 0x080036f4, Size: 0x00002d80, Max: 0x00020000, ABSOLUTE)

    Exec Addr    Load Addr    Size         Type   Attr      Idx    E Section Name        Object

    0x20000000   0x080036f4   0x00000005   Data   RW          322    .data               fatfs.o
    0x20000005   0x080036f9   0x00000003   PAD
    0x20000008   0x080036fc   0x00000020   Data   RW          381    .data               sd.o
    0x20000028   0x0800371c   0x00000001   Data   RW          529    .data               user_diskio.o
    0x20000029   0x0800371d   0x00000003   PAD
    0x2000002c   0x08003720   0x00000014   Data   RW          530    .data               user_diskio.o
    0x20000040   0x08003734   0x0000000c   Data   RW         1586    .data               stm32f4xx_hal.o
    0x2000004c   0x08003740   0x00000004   Data   RW         2506    .data               system_stm32f4xx.o
    0x20000050   0x08003744   0x00000008   Data   RW         2659    .data               ff.o
    0x20000058        -       0x000000a0   Zero   RW           18    .bss                main.o
    0x200000f8        -       0x000023fc   Zero   RW          380    .bss                sd.o
    0x200024f4        -       0x00000220   Zero   RW         2657    .bss                ff.o
    0x20002714        -       0x0000000c   Zero   RW         2956    .bss                ff_gen_drv.o
    0x20002720        -       0x00000060   Zero   RW         3177    .bss                c_w.l(libspace.o)
    0x20002780        -       0x00000200   Zero   RW            2    HEAP                startup_stm32f411xe.o
    0x20002980        -       0x00000400   Zero   RW            1    STACK               startup_stm32f411xe.o


==============================================================================

Image component sizes


      Code (inc. data)   RO Data    RW Data    ZI Data      Debug   Object Name

       184         22        942          0          0       2259   ccsbcs.o
       152         24          0          0          0       3745   diskio.o
        28         10          0          5          0       1059   fatfs.o
      4310         78        170          8        544      36128   ff.o
        70          6          0          0         12       1631   ff_gen_drv.o
       432         60          0          0        160     402286   main.o
      1158        142          0         32       9212       8823   sd.o
        64         26        408          0       1536        844   startup_stm32f411xe.o
       180         28          0         12          0       9269   stm32f4xx_hal.o
       172         14          0          0          0      33134   stm32f4xx_hal_cortex.o
       490         34          0          0          0       2168   stm32f4xx_hal_gpio.o
       256         30          0          0          0       2307   stm32f4xx_hal_msp.o
      1348         76          0          0          0       5240   stm32f4xx_hal_rcc.o
       976         14          0          0          0       4905   stm32f4xx_hal_spi.o
       720         10          0          0          0       4856   stm32f4xx_hal_uart.o
        20          0          0          0          0       4166   stm32f4xx_it.o
         0          0          0          0          0        540   syscall.o
        16          4         24          4          0       1127   system_stm32f4xx.o
       304         56          0         21          0       4202   user_diskio.o

    ----------------------------------------------------------------------
     10904        634       1576         88      11464     528689   Object Totals
         0          0         32          0          0          0   (incl. Generated)
        24          0          0          6          0          0   (incl. Padding)

    ----------------------------------------------------------------------

      Code (inc. data)   RO Data    RW Data    ZI Data      Debug   Library Member Name

         8          0          0          0          0         68   __main.o
       392          4         17          0          0         92   __printf_flags_ss_wp.o
        14          0          0          0          0         68   __printf_wp.o
         0          0          0          0          0          0   __rtentry.o
        12          0          0          0          0          0   __rtentry2.o
         6          0          0          0          0          0   __rtentry4.o
        52          8          0          0          0          0   __scatter.o
        26          0          0          0          0          0   __scatter_copy.o
        28          0          0          0          0          0   __scatter_zi.o
        48          6          0          0          0         96   _printf_char_common.o
        88          4         40          0          0         88   _printf_hex_int.o
       178          0          0          0          0         88   _printf_intcommon.o
        78          0          0          0          0        108   _printf_pad.o
         0          0          0          0          0          0   _printf_percent.o
         4          0          0          0          0          0   _printf_percent_end.o
         6          0          0          0          0          0   _printf_x.o
        10          0          0          0          0         68   _sputc.o
        18          0          0          0          0         80   exit.o
         6          0          0          0          0        152   heapauxi.o
         0          0          0          0          0          0   indicate_semi.o
         2          0          0          0          0          0   libinit.o
         6          0          0          0          0          0   libinit2.o
         2          0          0          0          0          0   libshutdown.o
         2          0          0          0          0          0   libshutdown2.o
         8          4          0          0         96         68   libspace.o
       238          0          0          0          0        100   lludivv7m.o
        40          6          0          0          0         84   noretval__2sprintf.o
        78          0          0          0          0         80   rt_memclr_w.o
         2          0          0          0          0          0   rtexit.o
        10          0          0          0          0          0   rtexit2.o
        62          0          0          0          0         76   strlen.o
        12          4          0          0          0         68   sys_exit.o
        74          0          0          0          0         80   sys_stackheap_outer.o
         2          0          0          0          0         68   use_no_semi.o
        10          0          0          0          0        116   fpinit.o

    ----------------------------------------------------------------------
      1530         36         58          0         96       1648   Library Totals
         8          0          1          0          0          0   (incl. Padding)

    ----------------------------------------------------------------------

      Code (inc. data)   RO Data    RW Data    ZI Data      Debug   Library Name

      1512         36         57          0         96       1532   c_w.l
        10          0          0          0          0        116   fz_wm.l

    ----------------------------------------------------------------------
      1530         36         58          0         96       1648   Library Totals

    ----------------------------------------------------------------------

==============================================================================


      Code (inc. data)   RO Data    RW Data    ZI Data      Debug   

     12434        670       1634         88      11560     520309   Grand Totals
     12434        670       1634         88      11560     520309   ELF Image Totals
     12434        670       1634         88          0          0   ROM Totals

==============================================================================

    Total RO  Size (Code + RO Data)                14068 (  13.74kB)
    Total RW  Size (RW Data + ZI Data)             11648 (  11.38kB)
    Total ROM Size (Code + RO Data + RW Data)      14156 (  13.82kB)

==============================================================================

